<html>
<body>
<pre>
<h1>µVision Build Log</h1>
<h2>Tool Versions:</h2>
IDE-Version: ¦ÌVision V5.31.0.0
Copyright (C) 2020 ARM Ltd and ARM Germany GmbH. All rights reserved.
License Information: eric lalaland, lalaland, LIC=21E4T-R77WV-QDMKD-8TAT6-13VTK-CBMBR
 
Tool Versions:
Toolchain:       MDK-ARM Plus  Version: 5.31.0.0
Toolchain Path:  D:\keil_1\Keil_v5\ARM\ARMCC\Bin
C Compiler:      Armcc.exe V5.06 update 6 (build 750)
Assembler:       Armasm.exe V5.06 update 6 (build 750)
Linker/Locator:  ArmLink.exe V5.06 update 6 (build 750)
Library Manager: ArmAr.exe V5.06 update 6 (build 750)
Hex Converter:   FromElf.exe V5.06 update 6 (build 750)
CPU DLL:         SARMCM3.DLL V5.31.0.0
Dialog DLL:      DCM.DLL V1.17.3.0
Target DLL:      CMSIS_AGDI.dll V1.32.6.0
Dialog DLL:      TCM.DLL V1.46.0.0
 
<h2>Project:</h2>
D:\stm32_code\stm32f407_1\stm32f407.uvprojx
Project File Date:  11/15/2021

<h2>Output:</h2>
*** Using Compiler 'V5.06 update 6 (build 750)', folder: 'D:\keil_1\Keil_v5\ARM\ARMCC\Bin'
Rebuild target 'Target 1'
compiling sys.c...
compiling main.c...
compiling gpio.c...
compiling uart5.c...
compiling timer2.c...
compiling clk.c...
compiling systick.c...
compiling timer3.c...
compiling timer14.c...
compiling usart1.c...
compiling usart.c...
compiling timer13.c...
compiling timer1.c...
compiling timer4.c...
compiling uart4.c...
compiling utility.c...
assembling startup_stm32f407xx.s...
compiling usart2.c...
compiling usart3.c...
compiling usart6.c...
linking...
Program Size: Code=6764 RO-data=560 RW-data=48 ZI-data=1632  
".\Objects\stm32f407.axf" - 0 Error(s), 0 Warning(s).

<h2>Software Packages used:</h2>

Package Vendor: Keil
                http://www.keil.com/pack/Keil.STM32F4xx_DFP.2.15.0.pack
                Keil.STM32F4xx_DFP.2.15.0
                STMicroelectronics STM32F4 Series Device Support, Drivers and Examples

<h2>Collection of Component include folders:</h2>
  D:\keil_1\KEIL\Keil\STM32F4xx_DFP\2.15.0\Drivers\CMSIS\Device\ST\STM32F4xx\Include

<h2>Collection of Component Files used:</h2>
Build Time Elapsed:  00:00:04
</pre>
</body>
</html>
