Component: ARM Compiler 5.06 update 6 (build 750) Tool: armlink [4d35ed]

==============================================================================

Section Cross References

    main.o(i.main) refers to _printf_percent.o(.ARM.Collect$$_printf_percent$$00000000) for _printf_percent
    main.o(i.main) refers to _printf_d.o(.ARM.Collect$$_printf_percent$$00000009) for _printf_d
    main.o(i.main) refers to _printf_dec.o(.text) for _printf_int_dec
    main.o(i.main) refers to _printf_s.o(.ARM.Collect$$_printf_percent$$00000014) for _printf_s
    main.o(i.main) refers to _printf_str.o(.text) for _printf_str
    main.o(i.main) refers to rt_memclr_w.o(.text) for __aeabi_memclr4
    main.o(i.main) refers to sys.o(i.Stm32_Clock_Init) for Stm32_Clock_Init
    main.o(i.main) refers to delay.o(i.delay_init) for delay_init
    main.o(i.main) refers to usart.o(i.uart_init) for uart_init
    main.o(i.main) refers to led.o(i.LED_Init) for LED_Init
    main.o(i.main) refers to key.o(i.KEY_Init) for KEY_Init
    main.o(i.main) refers to delay.o(i.delay_ms) for delay_ms
    main.o(i.main) refers to sdio_sdcard.o(i.SD_Init) for SD_Init
    main.o(i.main) refers to noretval__2printf.o(.text) for __2printf
    main.o(i.main) refers to exfuns.o(i.exfuns_init) for exfuns_init
    main.o(i.main) refers to ff.o(i.f_mount) for f_mount
    main.o(i.main) refers to ff.o(i.f_mkfs) for f_mkfs
    main.o(i.main) refers to ff.o(i.f_open) for f_open
    main.o(i.main) refers to ff.o(i.f_write) for f_write
    main.o(i.main) refers to ff.o(i.f_lseek) for f_lseek
    main.o(i.main) refers to ff.o(i.f_read) for f_read
    main.o(i.main) refers to ff.o(i.f_close) for f_close
    main.o(i.main) refers to exfuns.o(.data) for fs
    system_stm32f4xx.o(i.SystemCoreClockUpdate) refers to system_stm32f4xx.o(.data) for SystemCoreClock
    system_stm32f4xx.o(i.SystemInit) refers to system_stm32f4xx.o(i.SetSysClock) for SetSysClock
    startup_stm32f40_41xxx.o(STACK) refers (Special) to heapauxi.o(.text) for __use_two_region_memory
    startup_stm32f40_41xxx.o(HEAP) refers (Special) to heapauxi.o(.text) for __use_two_region_memory
    startup_stm32f40_41xxx.o(RESET) refers (Special) to heapauxi.o(.text) for __use_two_region_memory
    startup_stm32f40_41xxx.o(RESET) refers to startup_stm32f40_41xxx.o(STACK) for __initial_sp
    startup_stm32f40_41xxx.o(RESET) refers to startup_stm32f40_41xxx.o(.text) for Reset_Handler
    startup_stm32f40_41xxx.o(RESET) refers to stm32f4xx_it.o(i.NMI_Handler) for NMI_Handler
    startup_stm32f40_41xxx.o(RESET) refers to stm32f4xx_it.o(i.HardFault_Handler) for HardFault_Handler
    startup_stm32f40_41xxx.o(RESET) refers to stm32f4xx_it.o(i.MemManage_Handler) for MemManage_Handler
    startup_stm32f40_41xxx.o(RESET) refers to stm32f4xx_it.o(i.BusFault_Handler) for BusFault_Handler
    startup_stm32f40_41xxx.o(RESET) refers to stm32f4xx_it.o(i.UsageFault_Handler) for UsageFault_Handler
    startup_stm32f40_41xxx.o(RESET) refers to port.o(.emb_text) for SVC_Handler
    startup_stm32f40_41xxx.o(RESET) refers to stm32f4xx_it.o(i.DebugMon_Handler) for DebugMon_Handler
    startup_stm32f40_41xxx.o(RESET) refers to port.o(i.SysTick_Handler) for SysTick_Handler
    startup_stm32f40_41xxx.o(RESET) refers to usart.o(i.USART1_IRQHandler) for USART1_IRQHandler
    startup_stm32f40_41xxx.o(RESET) refers to sdio_sdcard.o(i.SDIO_IRQHandler) for SDIO_IRQHandler
    startup_stm32f40_41xxx.o(.text) refers (Special) to heapauxi.o(.text) for __use_two_region_memory
    startup_stm32f40_41xxx.o(.text) refers to system_stm32f4xx.o(i.SystemInit) for SystemInit
    startup_stm32f40_41xxx.o(.text) refers to __main.o(!!!main) for __main
    startup_stm32f40_41xxx.o(.text) refers to startup_stm32f40_41xxx.o(HEAP) for Heap_Mem
    startup_stm32f40_41xxx.o(.text) refers to startup_stm32f40_41xxx.o(STACK) for Stack_Mem
    delay.o(i.delay_init) refers to delay.o(.data) for fac_us
    delay.o(i.delay_ms) refers to delay.o(i.delay_xms) for delay_xms
    delay.o(i.delay_us) refers to delay.o(.data) for fac_us
    delay.o(i.delay_xms) refers to delay.o(.data) for fac_ms
    sys.o(i.MY_NVIC_Init) refers to sys.o(i.MY_NVIC_PriorityGroupConfig) for MY_NVIC_PriorityGroupConfig
    sys.o(i.Stm32_Clock_Init) refers to sys.o(i.Sys_Clock_Set) for Sys_Clock_Set
    sys.o(i.Stm32_Clock_Init) refers to sys.o(i.MY_NVIC_SetVectorTable) for MY_NVIC_SetVectorTable
    sys.o(i.Sys_Standby) refers to sys.o(i.WFI_SET) for WFI_SET
    usart.o(.emb_text) refers (Special) to use_no_semi_2.o(.text) for __use_no_semihosting
    usart.o(i.USART1_IRQHandler) refers (Special) to use_no_semi_2.o(.text) for __use_no_semihosting
    usart.o(i.USART1_IRQHandler) refers to usart.o(.data) for USART_RX_STA
    usart.o(i.USART1_IRQHandler) refers to usart.o(.bss) for USART_RX_BUF
    usart.o(i._sys_exit) refers (Special) to use_no_semi_2.o(.text) for __use_no_semihosting
    usart.o(i.fputc) refers (Special) to use_no_semi_2.o(.text) for __use_no_semihosting
[...]
    i.CmdError                               0x080008a4   Section        0  sdio_sdcard.o(i.CmdError)
    i.CmdResp1Error                          0x080008dc   Section        0  sdio_sdcard.o(i.CmdResp1Error)
    i.CmdResp2Error                          0x0800093c   Section        0  sdio_sdcard.o(i.CmdResp2Error)
    i.CmdResp3Error                          0x080009a4   Section        0  sdio_sdcard.o(i.CmdResp3Error)
    i.CmdResp6Error                          0x080009e4   Section        0  sdio_sdcard.o(i.CmdResp6Error)
    i.CmdResp7Error                          0x08000a84   Section        0  sdio_sdcard.o(i.CmdResp7Error)
    i.DebugMon_Handler                       0x08000ae0   Section        0  stm32f4xx_it.o(i.DebugMon_Handler)
    i.FindSCR                                0x08000ae4   Section        0  sdio_sdcard.o(i.FindSCR)
    i.GPIO_AF_Set                            0x08000c40   Section        0  sys.o(i.GPIO_AF_Set)
    i.GPIO_Init                              0x08000c80   Section        0  stm32f4xx_gpio.o(i.GPIO_Init)
    i.GPIO_Set                               0x08000d10   Section        0  sys.o(i.GPIO_Set)
    i.GPIO_SetBits                           0x08000dee   Section        0  stm32f4xx_gpio.o(i.GPIO_SetBits)
    i.HardFault_Handler                      0x08000df2   Section        0  stm32f4xx_it.o(i.HardFault_Handler)
    i.INTX_DISABLE                           0x08000df6   Section        0  sys.o(i.INTX_DISABLE)
    i.INTX_ENABLE                            0x08000dfa   Section        0  sys.o(i.INTX_ENABLE)
    i.IsCardProgramming                      0x08000e00   Section        0  sdio_sdcard.o(i.IsCardProgramming)
    i.KEY_Init                               0x08000e9c   Section        0  key.o(i.KEY_Init)
    i.LED_Init                               0x08000eec   Section        0  led.o(i.LED_Init)
    i.MY_NVIC_Init                           0x08000f28   Section        0  sys.o(i.MY_NVIC_Init)
    i.MY_NVIC_PriorityGroupConfig            0x08000fa0   Section        0  sys.o(i.MY_NVIC_PriorityGroupConfig)
    i.MY_NVIC_SetVectorTable                 0x08000fc8   Section        0  sys.o(i.MY_NVIC_SetVectorTable)
    i.MemManage_Handler                      0x08000fd8   Section        0  stm32f4xx_it.o(i.MemManage_Handler)
    i.NMI_Handler                            0x08000fdc   Section        0  stm32f4xx_it.o(i.NMI_Handler)
    i.RCC_AHB1PeriphClockCmd                 0x08000fe0   Section        0  stm32f4xx_rcc.o(i.RCC_AHB1PeriphClockCmd)
    i.SDEnWideBus                            0x08001000   Section        0  sdio_sdcard.o(i.SDEnWideBus)
    i.SDIO_Clock_Set                         0x08001080   Section        0  sdio_sdcard.o(i.SDIO_Clock_Set)
    i.SDIO_IRQHandler                        0x08001094   Section        0  sdio_sdcard.o(i.SDIO_IRQHandler)
    i.SDIO_Send_Cmd                          0x0800109c   Section        0  sdio_sdcard.o(i.SDIO_Send_Cmd)
    i.SDIO_Send_Data_Cfg                     0x080010c8   Section        0  sdio_sdcard.o(i.SDIO_Send_Data_Cfg)
    i.SD_DMA_Config                          0x08001100   Section        0  sdio_sdcard.o(i.SD_DMA_Config)
    i.SD_EnableWideBusOperation              0x08001194   Section        0  sdio_sdcard.o(i.SD_EnableWideBusOperation)
    i.SD_GetCardInfo                         0x080011fc   Section        0  sdio_sdcard.o(i.SD_GetCardInfo)
    i.SD_GetState                            0x08001510   Section        0  sdio_sdcard.o(i.SD_GetState)
    i.SD_Init                                0x0800152c   Section        0  sdio_sdcard.o(i.SD_Init)
    i.SD_InitializeCards                     0x080016a4   Section        0  sdio_sdcard.o(i.SD_InitializeCards)
    i.SD_PowerON                             0x080017b8   Section        0  sdio_sdcard.o(i.SD_PowerON)
    i.SD_ProcessIRQSrc                       0x08001938   Section        0  sdio_sdcard.o(i.SD_ProcessIRQSrc)
    i.SD_ReadBlock                           0x08001aa4   Section        0  sdio_sdcard.o(i.SD_ReadBlock)
    i.SD_ReadDisk                            0x08001cf0   Section        0  sdio_sdcard.o(i.SD_ReadDisk)
    i.SD_ReadMultiBlocks                     0x08001d90   Section        0  sdio_sdcard.o(i.SD_ReadMultiBlocks)
    i.SD_SelectDeselect                      0x08002054   Section        0  sdio_sdcard.o(i.SD_SelectDeselect)
    i.SD_SendStatus                          0x0800206c   Section        0  sdio_sdcard.o(i.SD_SendStatus)
    i.SD_SetDeviceMode                       0x080020a8   Section        0  sdio_sdcard.o(i.SD_SetDeviceMode)
    i.SD_WriteBlock                          0x080020c0   Section        0  sdio_sdcard.o(i.SD_WriteBlock)
    i.SD_WriteDisk                           0x08002404   Section        0  sdio_sdcard.o(i.SD_WriteDisk)
    i.SD_WriteMultiBlocks                    0x080024a4   Section        0  sdio_sdcard.o(i.SD_WriteMultiBlocks)
    i.SPI1_Init                              0x08002820   Section        0  spi.o(i.SPI1_Init)
    i.SPI1_ReadWriteByte                     0x080028d0   Section        0  spi.o(i.SPI1_ReadWriteByte)
    i.SPI1_SetSpeed                          0x08002900   Section        0  spi.o(i.SPI1_SetSpeed)
    i.SetSysClock                            0x0800292c   Section        0  system_stm32f4xx.o(i.SetSysClock)
    SetSysClock                              0x0800292d   Thumb Code   220  system_stm32f4xx.o(i.SetSysClock)
    i.Stm32_Clock_Init                       0x08002a18   Section        0  sys.o(i.Stm32_Clock_Init)
    i.SysTick_Handler                        0x08002a80   Section        0  port.o(i.SysTick_Handler)
    i.Sys_Clock_Set                          0x08002ab4   Section        0  sys.o(i.Sys_Clock_Set)
    i.SystemInit                             0x08002bc0   Section        0  system_stm32f4xx.o(i.SystemInit)
    i.USART1_IRQHandler                      0x08002c28   Section        0  usart.o(i.USART1_IRQHandler)
    i.UsageFault_Handler                     0x08002ca8   Section        0  stm32f4xx_it.o(i.UsageFault_Handler)
    i.W25QXX_Erase_Sector                    0x08002cac   Section        0  w25qxx.o(i.W25QXX_Erase_Sector)
    i.W25QXX_Init                            0x08002cf4   Section        0  w25qxx.o(i.W25QXX_Init)
    i.W25QXX_Read                            0x08002d74   Section        0  w25qxx.o(i.W25QXX_Read)
    i.W25QXX_ReadID                          0x08002dc4   Section        0  w25qxx.o(i.W25QXX_ReadID)
    i.W25QXX_ReadSR                          0x08002e0c   Section        0  w25qxx.o(i.W25QXX_ReadSR)
    i.W25QXX_Wait_Busy                       0x08002e38   Section        0  w25qxx.o(i.W25QXX_Wait_Busy)
    i.W25QXX_Write                           0x08002e4c   Section        0  w25qxx.o(i.W25QXX_Write)
    i.W25QXX_Write_Enable                    0x08002f04   Section        0  w25qxx.o(i.W25QXX_Write_Enable)
    i.W25QXX_Write_NoCheck                   0x08002f24   Section        0  w25qxx.o(i.W25QXX_Write_NoCheck)
    i.W25QXX_Write_Page                      0x08002f6c   Section        0  w25qxx.o(i.W25QXX_Write_Page)
    i._sys_exit                              0x08002fc0   Section        0  usart.o(i._sys_exit)
    i.check_fs                               0x08002fc4   Section        0  ff.o(i.check_fs)
    check_fs                                 0x08002fc5   Thumb Code   114  ff.o(i.check_fs)
    i.chk_chr                                0x08003044   Section        0  ff.o(i.chk_chr)
    chk_chr                                  0x08003045   Thumb Code    20  ff.o(i.chk_chr)
    i.clst2sect                              0x08003058   Section        0  ff.o(i.clst2sect)
    clst2sect                                0x08003059   Thumb Code    26  ff.o(i.clst2sect)
    i.cmp_lfn                                0x08003074   Section        0  ff.o(i.cmp_lfn)
    cmp_lfn                                  0x08003075   Thumb Code   148  ff.o(i.cmp_lfn)
    i.convert_from_bytes_to_power_of_two     0x0800310c   Section        0  sdio_sdcard.o(i.convert_from_bytes_to_power_of_two)
    i.create_chain                           0x0800311e   Section        0  ff.o(i.create_chain)
    create_chain                             0x0800311f   Thumb Code   288  ff.o(i.create_chain)
    i.create_name                            0x08003240   Section        0  ff.o(i.create_name)
    create_name                              0x08003241   Thumb Code   574  ff.o(i.create_name)
    i.create_partition                       0x08003494   Section        0  ff.o(i.create_partition)
    create_partition                         0x08003495   Thumb Code   348  ff.o(i.create_partition)
    i.dbc_1st                                0x080035f0   Section        0  ff.o(i.dbc_1st)
    dbc_1st                                  0x080035f1   Thumb Code    46  ff.o(i.dbc_1st)
    i.dbc_2nd                                0x08003624   Section        0  ff.o(i.dbc_2nd)
    dbc_2nd                                  0x08003625   Thumb Code    66  ff.o(i.dbc_2nd)
    i.delay_init                             0x0800366c   Section        0  delay.o(i.delay_init)
    i.delay_ms                               0x080036ac   Section        0  delay.o(i.delay_ms)
    i.delay_xms                              0x080036e4   Section        0  delay.o(i.delay_xms)
    i.dir_alloc                              0x08003720   Section        0  ff.o(i.dir_alloc)
    dir_alloc                                0x08003721   Thumb Code    96  ff.o(i.dir_alloc)
    i.dir_clear                              0x08003780   Section        0  ff.o(i.dir_clear)
    dir_clear                                0x08003781   Thumb Code    96  ff.o(i.dir_clear)
    i.dir_find                               0x080037e0   Section        0  ff.o(i.dir_find)
    dir_find                                 0x080037e1   Thumb Code   252  ff.o(i.dir_find)
    i.dir_next                               0x080038dc   Section        0  ff.o(i.dir_next)
    dir_next                                 0x080038dd   Thumb Code   218  ff.o(i.dir_next)
    i.dir_register                           0x080039b6   Section        0  ff.o(i.dir_register)
    dir_register                             0x080039b7   Thumb Code   322  ff.o(i.dir_register)
    i.dir_sdi                                0x08003af8   Section        0  ff.o(i.dir_sdi)
    dir_sdi                                  0x08003af9   Thumb Code   166  ff.o(i.dir_sdi)
    i.disk_initialize                        0x08003b9e   Section        0  diskio.o(i.disk_initialize)
    i.disk_ioctl                             0x08003bcc   Section        0  diskio.o(i.disk_ioctl)
    i.disk_read                              0x08003c58   Section        0  diskio.o(i.disk_read)
    i.disk_status                            0x08003cb0   Section        0  diskio.o(i.disk_status)
    i.disk_write                             0x08003ce6   Section        0  diskio.o(i.disk_write)
    i.exfuns_init                            0x08003d28   Section        0  exfuns.o(i.exfuns_init)
    i.f_close                                0x08003da4   Section        0  ff.o(i.f_close)
    i.f_lseek                                0x08003dc6   Section        0  ff.o(i.f_lseek)
    i.f_mkfs                                 0x08003f68   Section        0  ff.o(i.f_mkfs)
    i.f_mount                                0x0800465c   Section        0  ff.o(i.f_mount)
    i.f_open                                 0x080046b0   Section        0  ff.o(i.f_open)
    i.f_read                                 0x080048a8   Section        0  ff.o(i.f_read)
    i.f_sync                                 0x08004a76   Section        0  ff.o(i.f_sync)
    i.f_write                                0x08004b16   Section        0  ff.o(i.f_write)
    i.ff_oem2uni                             0x08004d2c   Section        0  ffunicode.o(i.ff_oem2uni)
    i.ff_uni2oem                             0x08004d94   Section        0  ffunicode.o(i.ff_uni2oem)
    i.ff_wtoupper                            0x08004e08   Section        0  ffunicode.o(i.ff_wtoupper)
    i.find_volume                            0x08004eb8   Section        0  ff.o(i.find_volume)
    find_volume                              0x08004eb9   Thumb Code   120  ff.o(i.find_volume)
    i.follow_path                            0x08004f30   Section        0  ff.o(i.follow_path)
    follow_path                              0x08004f31   Thumb Code   168  ff.o(i.follow_path)
    i.fputc                                  0x08004fd8   Section        0  usart.o(i.fputc)
    i.gen_numname                            0x08004ff4   Section        0  ff.o(i.gen_numname)
    gen_numname                              0x08004ff5   Thumb Code   198  ff.o(i.gen_numname)
    i.get_fat                                0x080050c0   Section        0  ff.o(i.get_fat)
    get_fat                                  0x080050c1   Thumb Code   306  ff.o(i.get_fat)
    i.get_fattime                            0x080051f2   Section        0  ff.o(i.get_fattime)
    i.get_ldnumber                           0x080051f6   Section        0  ff.o(i.get_ldnumber)
    get_ldnumber                             0x080051f7   Thumb Code    78  ff.o(i.get_ldnumber)
    i.ld_clust                               0x08005244   Section        0  ff.o(i.ld_clust)
    ld_clust                                 0x08005245   Thumb Code    38  ff.o(i.ld_clust)
    i.ld_dword                               0x0800526a   Section        0  ff.o(i.ld_dword)
    ld_dword                                 0x0800526b   Thumb Code    24  ff.o(i.ld_dword)
    i.ld_word                                0x08005282   Section        0  ff.o(i.ld_word)
    ld_word                                  0x08005283   Thumb Code    12  ff.o(i.ld_word)
    i.main                                   0x08005290   Section        0  main.o(i.main)
    i.mem_cmp                                0x0800555c   Section        0  ff.o(i.mem_cmp)
    mem_cmp                                  0x0800555d   Thumb Code    36  ff.o(i.mem_cmp)
    i.mem_cpy                                0x08005580   Section        0  ff.o(i.mem_cpy)
    mem_cpy                                  0x08005581   Thumb Code    26  ff.o(i.mem_cpy)
    i.mem_set                                0x0800559a   Section        0  ff.o(i.mem_set)
    mem_set                                  0x0800559b   Thumb Code    18  ff.o(i.mem_set)
    i.mount_volume                           0x080055ac   Section        0  ff.o(i.mount_volume)
    mount_volume                             0x080055ad   Thumb Code   740  ff.o(i.mount_volume)
    i.move_window                            0x080058a8   Section        0  ff.o(i.move_window)
    move_window                              0x080058a9   Thumb Code    52  ff.o(i.move_window)
    i.prvHeapInit                            0x080058dc   Section        0  heap_4.o(i.prvHeapInit)
    prvHeapInit                              0x080058dd   Thumb Code    98  heap_4.o(i.prvHeapInit)
    i.prvInsertBlockIntoFreeList             0x08005958   Section        0  heap_4.o(i.prvInsertBlockIntoFreeList)
    prvInsertBlockIntoFreeList               0x08005959   Thumb Code    96  heap_4.o(i.prvInsertBlockIntoFreeList)
    i.prvResetNextTaskUnblockTime            0x080059c0   Section        0  tasks.o(i.prvResetNextTaskUnblockTime)
    prvResetNextTaskUnblockTime              0x080059c1   Thumb Code    42  tasks.o(i.prvResetNextTaskUnblockTime)
    i.put_fat                                0x080059f4   Section        0  ff.o(i.put_fat)
    put_fat                                  0x080059f5   Thumb Code   400  ff.o(i.put_fat)
    i.put_lfn                                0x08005b84   Section        0  ff.o(i.put_lfn)
    put_lfn                                  0x08005b85   Thumb Code   124  ff.o(i.put_lfn)
    i.pvPortMalloc                           0x08005c04   Section        0  heap_4.o(i.pvPortMalloc)
    i.remove_chain                           0x08005d50   Section        0  ff.o(i.remove_chain)
    remove_chain                             0x08005d51   Thumb Code   154  ff.o(i.remove_chain)
    i.st_clust                               0x08005dea   Section        0  ff.o(i.st_clust)
    st_clust                                 0x08005deb   Thumb Code    36  ff.o(i.st_clust)
    i.st_dword                               0x08005e0e   Section        0  ff.o(i.st_dword)
    st_dword                                 0x08005e0f   Thumb Code    24  ff.o(i.st_dword)
    i.st_word                                0x08005e26   Section        0  ff.o(i.st_word)
    st_word                                  0x08005e27   Thumb Code    12  ff.o(i.st_word)
    i.sum_sfn                                0x08005e32   Section        0  ff.o(i.sum_sfn)
    sum_sfn                                  0x08005e33   Thumb Code    32  ff.o(i.sum_sfn)
    i.sync_fs                                0x08005e54   Section        0  ff.o(i.sync_fs)
    sync_fs                                  0x08005e55   Thumb Code   134  ff.o(i.sync_fs)
    i.sync_window                            0x08005ee4   Section        0  ff.o(i.sync_window)
    sync_window                              0x08005ee5   Thumb Code    74  ff.o(i.sync_window)
    i.tchar2uni                              0x08005f2e   Section        0  ff.o(i.tchar2uni)
    tchar2uni                                0x08005f2f   Thumb Code    76  ff.o(i.tchar2uni)
    i.uart_init                              0x08005f7c   Section        0  usart.o(i.uart_init)
    i.uxListRemove                           0x0800607c   Section        0  list.o(i.uxListRemove)
    i.vListInsertEnd                         0x080060a4   Section        0  list.o(i.vListInsertEnd)
    i.vPortEnterCritical                     0x080060bc   Section        0  port.o(i.vPortEnterCritical)
    i.vPortExitCritical                      0x08006110   Section        0  port.o(i.vPortExitCritical)
    i.vTaskSuspendAll                        0x0800614c   Section        0  tasks.o(i.vTaskSuspendAll)
    i.vTaskSwitchContext                     0x0800615c   Section        0  tasks.o(i.vTaskSwitchContext)
    i.validate                               0x080061e8   Section        0  ff.o(i.validate)
    validate                                 0x080061e9   Thumb Code    60  ff.o(i.validate)
    i.xTaskIncrementTick                     0x08006224   Section        0  tasks.o(i.xTaskIncrementTick)
    i.xTaskResumeAll                         0x0800636c   Section        0  tasks.o(i.xTaskResumeAll)
    x$fpl$fpinit                             0x08006470   Section       10  fpinit.o(x$fpl$fpinit)
    $v0                                      0x08006470   Number         0  fpinit.o(x$fpl$fpinit)
    .constdata                               0x0800647c   Section       68  ff.o(.constdata)
    LfnOfs                                   0x0800647c   Data          13  ff.o(.constdata)
    DbcTbl                                   0x08006489   Data          10  ff.o(.constdata)
    cst                                      0x08006494   Data          14  ff.o(.constdata)
    cst32                                    0x080064a2   Data          14  ff.o(.constdata)
    defopt                                   0x080064b0   Data          16  ff.o(.constdata)
    .constdata                               0x080064c0   Section    175030  ffunicode.o(.constdata)
    uni2oem936                               0x080064c0   Data       87172  ffunicode.o(.constdata)
    oem2uni936                               0x0801b944   Data       87172  ffunicode.o(.constdata)
    cvt1                                     0x08030dc8   Data         498  ffunicode.o(.constdata)
    cvt2                                     0x08030fba   Data         188  ffunicode.o(.constdata)
    .data                                    0x20000000   Section        4  delay.o(.data)
    fac_us                                   0x20000000   Data           1  delay.o(.data)
    fac_ms                                   0x20000002   Data           2  delay.o(.data)
    .data                                    0x20000004   Section        6  usart.o(.data)
    .data                                    0x2000000a   Section        2  w25qxx.o(.data)
    .data                                    0x2000000c   Section       16  sdio_sdcard.o(.data)
    CardType                                 0x2000000c   Data           1  sdio_sdcard.o(.data)
    RCA                                      0x20000010   Data           4  sdio_sdcard.o(.data)
    DeviceMode                               0x20000014   Data           1  sdio_sdcard.o(.data)
    StopCondition                            0x20000015   Data           1  sdio_sdcard.o(.data)
    .data                                    0x2000001c   Section       20  exfuns.o(.data)
    .data                                    0x20000030   Section       10  ff.o(.data)
    FatFs                                    0x20000030   Data           8  ff.o(.data)
    Fsid                                     0x20000038   Data           2  ff.o(.data)
    .data                                    0x2000003c   Section       60  tasks.o(.data)
    pxDelayedTaskList                        0x20000040   Data           4  tasks.o(.data)
    pxOverflowDelayedTaskList                0x20000044   Data           4  tasks.o(.data)
    uxDeletedTasksWaitingCleanUp             0x20000048   Data           4  tasks.o(.data)
    uxCurrentNumberOfTasks                   0x2000004c   Data           4  tasks.o(.data)
    xTickCount                               0x20000050   Data           4  tasks.o(.data)
    uxTopReadyPriority                       0x20000054   Data           4  tasks.o(.data)
    xSchedulerRunning                        0x20000058   Data           4  tasks.o(.data)
    xPendedTicks                             0x2000005c   Data           4  tasks.o(.data)
    xYieldPending                            0x20000060   Data           4  tasks.o(.data)
    xNumOfOverflows                          0x20000064   Data           4  tasks.o(.data)
    uxTaskNumber                             0x20000068   Data           4  tasks.o(.data)
    xNextTaskUnblockTime                     0x2000006c   Data           4  tasks.o(.data)
    xIdleTaskHandle                          0x20000070   Data           4  tasks.o(.data)
    uxSchedulerSuspended                     0x20000074   Data           4  tasks.o(.data)
    .data                                    0x20000078   Section       12  port.o(.data)
    uxCriticalNesting                        0x20000078   Data           4  port.o(.data)
    ucMaxSysCallPriority                     0x2000007c   Data           1  port.o(.data)
    ulMaxPRIGROUPValue                       0x20000080   Data           4  port.o(.data)
    .data                                    0x20000084   Section       32  heap_4.o(.data)
    xStart                                   0x20000084   Data           8  heap_4.o(.data)
    pxEnd                                    0x2000008c   Data           4  heap_4.o(.data)
    xFreeBytesRemaining                      0x20000090   Data           4  heap_4.o(.data)
    xMinimumEverFreeBytesRemaining           0x20000094   Data           4  heap_4.o(.data)
    xNumberOfSuccessfulAllocations           0x20000098   Data           4  heap_4.o(.data)
    xNumberOfSuccessfulFrees                 0x2000009c   Data           4  heap_4.o(.data)
    xBlockAllocatedBit                       0x200000a0   Data           4  heap_4.o(.data)
    .bss                                     0x200000a4   Section      200  usart.o(.bss)
    .bss                                     0x2000016c   Section     4096  w25qxx.o(.bss)
    .bss                                     0x20001170   Section      632  sdio_sdcard.o(.bss)
    CSD_Tab                                  0x20001170   Data          16  sdio_sdcard.o(.bss)
    CID_Tab                                  0x20001180   Data          16  sdio_sdcard.o(.bss)
    .bss                                     0x200013e8   Section      512  ff.o(.bss)
    LfnBuf                                   0x200013e8   Data         512  ff.o(.bss)
    .bss                                     0x200015e8   Section      200  tasks.o(.bss)
    pxReadyTasksLists                        0x200015e8   Data         100  tasks.o(.bss)
    xDelayedTaskList1                        0x2000164c   Data          20  tasks.o(.bss)
    xDelayedTaskList2                        0x20001660   Data          20  tasks.o(.bss)
    xPendingReadyList                        0x20001674   Data          20  tasks.o(.bss)
    xTasksWaitingTermination                 0x20001688   Data          20  tasks.o(.bss)
    xSuspendedTaskList                       0x2000169c   Data          20  tasks.o(.bss)
    .bss                                     0x200016b0   Section    76800  heap_4.o(.bss)
    ucHeap                                   0x200016b0   Data       76800  heap_4.o(.bss)
    .bss                                     0x200142b0   Section       96  libspace.o(.bss)
    HEAP                                     0x20014310   Section      512  startup_stm32f40_41xxx.o(HEAP)
    Heap_Mem                                 0x20014310   Data         512  startup_stm32f40_41xxx.o(HEAP)
    STACK                                    0x20014510   Section     1024  startup_stm32f40_41xxx.o(STACK)
    Stack_Mem                                0x20014510   Data        1024  startup_stm32f40_41xxx.o(STACK)
    __initial_sp                             0x20014910   Data           0  startup_stm32f40_41xxx.o(STACK)

    Global Symbols

    Symbol Name                              Value     Ov Type        Size  Object(Section)

    BuildAttributes$$THM_ISAv4$E$P$D$K$B$S$7EM$VFPi3$EXTD16$VFPS$VFMA$PE$A:L22UL41UL21$X:L11$S22US41US21$IEEE1$IW$USESV6$~STKCKD$USESV7$~SHL$OSPACE$ROPI$EBA8$UX$STANDARDLIB$REQ8$PRES8$EABIv2 0x00000000   Number         0  anon$$obj.o ABSOLUTE
    __ARM_use_no_argv                        0x00000000   Number         0  main.o ABSOLUTE
    __ARM_exceptions_init                     - Undefined Weak Reference
    __alloca_initialize                       - Undefined Weak Reference
    __arm_preinit_                            - Undefined Weak Reference
    __cpp_initialize__aeabi_                  - Undefined Weak Reference
    __cxa_finalize                            - Undefined Weak Reference
    __rt_locale                               - Undefined Weak Reference
    __sigvec_lookup                           - Undefined Weak Reference
    _atexit_init                              - Undefined Weak Reference
    _call_atexit_fns                          - Undefined Weak Reference
    _clock_init                               - Undefined Weak Reference
    _fp_trap_init                             - Undefined Weak Reference
    _fp_trap_shutdown                         - Undefined Weak Reference
    _get_lc_collate                           - Undefined Weak Reference
    _get_lc_ctype                             - Undefined Weak Reference
    _get_lc_monetary                          - Undefined Weak Reference
    _get_lc_numeric                           - Undefined Weak Reference
    _get_lc_time                              - Undefined Weak Reference
    _getenv_init                              - Undefined Weak Reference
    _handle_redirection                       - Undefined Weak Reference
    _init_alloc                               - Undefined Weak Reference
    _init_user_alloc                          - Undefined Weak Reference
    _initio                                   - Undefined Weak Reference
    _mutex_acquire                            - Undefined Weak Reference
    _mutex_release                            - Undefined Weak Reference
    _printf_mbtowc                            - Undefined Weak Reference
    _printf_post_padding                      - Undefined Weak Reference
    _printf_pre_padding                       - Undefined Weak Reference
    _printf_truncate_signed                   - Undefined Weak Reference
    _printf_truncate_unsigned                 - Undefined Weak Reference
    _rand_init                                - Undefined Weak Reference
    _signal_finish                            - Undefined Weak Reference
    _signal_init                              - Undefined Weak Reference
    _terminate_alloc                          - Undefined Weak Reference
    _terminate_user_alloc                     - Undefined Weak Reference
    _terminateio                              - Undefined Weak Reference
    __Vectors_Size                           0x00000188   Number         0  startup_stm32f40_41xxx.o ABSOLUTE
    __Vectors                                0x08000000   Data           4  startup_stm32f40_41xxx.o(RESET)
    __Vectors_End                            0x08000188   Data           0  startup_stm32f40_41xxx.o(RESET)
    __main                                   0x08000189   Thumb Code     8  __main.o(!!!main)
    __scatterload                            0x08000191   Thumb Code     0  __scatter.o(!!!scatter)
    __scatterload_rt2                        0x08000191   Thumb Code    44  __scatter.o(!!!scatter)
    __scatterload_rt2_thumb_only             0x08000191   Thumb Code     0  __scatter.o(!!!scatter)
    __scatterload_null                       0x0800019f   Thumb Code     0  __scatter.o(!!!scatter)
    __scatterload_copy                       0x080001c5   Thumb Code    26  __scatter_copy.o(!!handler_copy)
    __scatterload_zeroinit                   0x080001e1   Thumb Code    28  __scatter_zi.o(!!handler_zi)
    _printf_d                                0x080001fd   Thumb Code     0  _printf_d.o(.ARM.Collect$$_printf_percent$$00000009)
    _printf_percent                          0x080001fd   Thumb Code     0  _printf_percent.o(.ARM.Collect$$_printf_percent$$00000000)
    _printf_s                                0x08000203   Thumb Code     0  _printf_s.o(.ARM.Collect$$_printf_percent$$00000014)
    _printf_percent_end                      0x08000209   Thumb Code     0  _printf_percent_end.o(.ARM.Collect$$_printf_percent$$00000017)
    __rt_lib_init                            0x0800020d   Thumb Code     0  libinit.o(.ARM.Collect$$libinit$$00000000)
    __rt_lib_init_fp_1                       0x0800020f   Thumb Code     0  libinit2.o(.ARM.Collect$$libinit$$00000001)
    __rt_lib_init_alloca_1                   0x08000213   Thumb Code     0  libinit2.o(.ARM.Collect$$libinit$$0000002E)
    __rt_lib_init_argv_1                     0x08000213   Thumb Code     0  libinit2.o(.ARM.Collect$$libinit$$0000002C)
    __rt_lib_init_atexit_1                   0x08000213   Thumb Code     0  libinit2.o(.ARM.Collect$$libinit$$0000001B)
    __rt_lib_init_clock_1                    0x08000213   Thumb Code     0  libinit2.o(.ARM.Collect$$libinit$$00000021)
    __rt_lib_init_cpp_1                      0x08000213   Thumb Code     0  libinit2.o(.ARM.Collect$$libinit$$00000032)
    __rt_lib_init_exceptions_1               0x08000213   Thumb Code     0  libinit2.o(.ARM.Collect$$libinit$$00000030)
    __rt_lib_init_fp_trap_1                  0x08000213   Thumb Code     0  libinit2.o(.ARM.Collect$$libinit$$0000001F)
    __rt_lib_init_getenv_1                   0x08000213   Thumb Code     0  libinit2.o(.ARM.Collect$$libinit$$00000023)
    __rt_lib_init_heap_1                     0x08000213   Thumb Code     0  libinit2.o(.ARM.Collect$$libinit$$0000000A)
    __rt_lib_init_lc_collate_1               0x08000213   Thumb Code     0  libinit2.o(.ARM.Collect$$libinit$$00000011)
    __rt_lib_init_lc_ctype_1                 0x08000213   Thumb Code     0  libinit2.o(.ARM.Collect$$libinit$$00000013)
    __rt_lib_init_lc_monetary_1              0x08000213   Thumb Code     0  libinit2.o(.ARM.Collect$$libinit$$00000015)
    __rt_lib_init_lc_numeric_1               0x08000213   Thumb Code     0  libinit2.o(.ARM.Collect$$libinit$$00000017)
    __rt_lib_init_lc_time_1                  0x08000213   Thumb Code     0  libinit2.o(.ARM.Collect$$libinit$$00000019)
    __rt_lib_init_preinit_1                  0x08000213   Thumb Code     0  libinit2.o(.ARM.Collect$$libinit$$00000004)
    __rt_lib_init_rand_1                     0x08000213   Thumb Code     0  libinit2.o(.ARM.Collect$$libinit$$0000000E)
    __rt_lib_init_return                     0x08000213   Thumb Code     0  libinit2.o(.ARM.Collect$$libinit$$00000033)
    __rt_lib_init_signal_1                   0x08000213   Thumb Code     0  libinit2.o(.ARM.Collect$$libinit$$0000001D)
    __rt_lib_init_stdio_1                    0x08000213   Thumb Code     0  libinit2.o(.ARM.Collect$$libinit$$00000025)
    __rt_lib_init_user_alloc_1               0x08000213   Thumb Code     0  libinit2.o(.ARM.Collect$$libinit$$0000000C)
    __rt_lib_shutdown                        0x08000215   Thumb Code     0  libshutdown.o(.ARM.Collect$$libshutdown$$00000000)
    __rt_lib_shutdown_cpp_1                  0x08000217   Thumb Code     0  libshutdown2.o(.ARM.Collect$$libshutdown$$00000002)
    __rt_lib_shutdown_fp_trap_1              0x08000217   Thumb Code     0  libshutdown2.o(.ARM.Collect$$libshutdown$$00000007)
    __rt_lib_shutdown_heap_1                 0x08000217   Thumb Code     0  libshutdown2.o(.ARM.Collect$$libshutdown$$0000000F)
    __rt_lib_shutdown_return                 0x08000217   Thumb Code     0  libshutdown2.o(.ARM.Collect$$libshutdown$$00000010)
    __rt_lib_shutdown_signal_1               0x08000217   Thumb Code     0  libshutdown2.o(.ARM.Collect$$libshutdown$$0000000A)
    __rt_lib_shutdown_stdio_1                0x08000217   Thumb Code     0  libshutdown2.o(.ARM.Collect$$libshutdown$$00000004)
    __rt_lib_shutdown_user_alloc_1           0x08000217   Thumb Code     0  libshutdown2.o(.ARM.Collect$$libshutdown$$0000000C)
    __rt_entry                               0x08000219   Thumb Code     0  __rtentry.o(.ARM.Collect$$rtentry$$00000000)
    __rt_entry_presh_1                       0x08000219   Thumb Code     0  __rtentry2.o(.ARM.Collect$$rtentry$$00000002)
    __rt_entry_sh                            0x08000219   Thumb Code     0  __rtentry4.o(.ARM.Collect$$rtentry$$00000004)
    __rt_entry_li                            0x0800021f   Thumb Code     0  __rtentry2.o(.ARM.Collect$$rtentry$$0000000A)
    __rt_entry_postsh_1                      0x0800021f   Thumb Code     0  __rtentry2.o(.ARM.Collect$$rtentry$$00000009)
    __rt_entry_main                          0x08000223   Thumb Code     0  __rtentry2.o(.ARM.Collect$$rtentry$$0000000D)
    __rt_entry_postli_1                      0x08000223   Thumb Code     0  __rtentry2.o(.ARM.Collect$$rtentry$$0000000C)
    __rt_exit                                0x0800022b   Thumb Code     0  rtexit.o(.ARM.Collect$$rtexit$$00000000)
    __rt_exit_ls                             0x0800022d   Thumb Code     0  rtexit2.o(.ARM.Collect$$rtexit$$00000003)
    __rt_exit_prels_1                        0x0800022d   Thumb Code     0  rtexit2.o(.ARM.Collect$$rtexit$$00000002)
    __rt_exit_exit                           0x08000231   Thumb Code     0  rtexit2.o(.ARM.Collect$$rtexit$$00000004)
    SVC_Handler                              0x08000239   Thumb Code    28  port.o(.emb_text)
    __asm___6_port_c_39a90d8d__prvStartFirstTask 0x08000259   Thumb Code    36  port.o(.emb_text)
    __asm___6_port_c_39a90d8d__prvEnableVFP  0x08000281   Thumb Code    16  port.o(.emb_text)
    PendSV_Handler                           0x08000295   Thumb Code    88  port.o(.emb_text)
    vPortGetIPSR                             0x080002f1   Thumb Code     6  port.o(.emb_text)
    Reset_Handler                            0x080002f9   Thumb Code     8  startup_stm32f40_41xxx.o(.text)
    ADC_IRQHandler                           0x08000313   Thumb Code     0  startup_stm32f40_41xxx.o(.text)
    CAN1_RX0_IRQHandler                      0x08000313   Thumb Code     0  startup_stm32f40_41xxx.o(.text)
    CAN1_RX1_IRQHandler                      0x08000313   Thumb Code     0  startup_stm32f40_41xxx.o(.text)
    CAN1_SCE_IRQHandler                      0x08000313   Thumb Code     0  startup_stm32f40_41xxx.o(.text)
    CAN1_TX_IRQHandler                       0x08000313   Thumb Code     0  startup_stm32f40_41xxx.o(.text)
    CAN2_RX0_IRQHandler                      0x08000313   Thumb Code     0  startup_stm32f40_41xxx.o(.text)
    CAN2_RX1_IRQHandler                      0x08000313   Thumb Code     0  startup_stm32f40_41xxx.o(.text)
    CAN2_SCE_IRQHandler                      0x08000313   Thumb Code     0  startup_stm32f40_41xxx.o(.text)
    CAN2_TX_IRQHandler                       0x08000313   Thumb Code     0  startup_stm32f40_41xxx.o(.text)
    CRYP_IRQHandler                          0x08000313   Thumb Code     0  startup_stm32f40_41xxx.o(.text)
    DCMI_IRQHandler                          0x08000313   Thumb Code     0  startup_stm32f40_41xxx.o(.text)
    DMA1_Stream0_IRQHandler                  0x08000313   Thumb Code     0  startup_stm32f40_41xxx.o(.text)
    DMA1_Stream1_IRQHandler                  0x08000313   Thumb Code     0  startup_stm32f40_41xxx.o(.text)
    DMA1_Stream2_IRQHandler                  0x08000313   Thumb Code     0  startup_stm32f40_41xxx.o(.text)
    DMA1_Stream3_IRQHandler                  0x08000313   Thumb Code     0  startup_stm32f40_41xxx.o(.text)
    DMA1_Stream4_IRQHandler                  0x08000313   Thumb Code     0  startup_stm32f40_41xxx.o(.text)
    DMA1_Stream5_IRQHandler                  0x08000313   Thumb Code     0  startup_stm32f40_41xxx.o(.text)
    DMA1_Stream6_IRQHandler                  0x08000313   Thumb Code     0  startup_stm32f40_41xxx.o(.text)
    DMA1_Stream7_IRQHandler                  0x08000313   Thumb Code     0  startup_stm32f40_41xxx.o(.text)
    DMA2_Stream0_IRQHandler                  0x08000313   Thumb Code     0  startup_stm32f40_41xxx.o(.text)
    DMA2_Stream1_IRQHandler                  0x08000313   Thumb Code     0  startup_stm32f40_41xxx.o(.text)
    DMA2_Stream2_IRQHandler                  0x08000313   Thumb Code     0  startup_stm32f40_41xxx.o(.text)
    DMA2_Stream3_IRQHandler                  0x08000313   Thumb Code     0  startup_stm32f40_41xxx.o(.text)
    DMA2_Stream4_IRQHandler                  0x08000313   Thumb Code     0  startup_stm32f40_41xxx.o(.text)
    DMA2_Stream5_IRQHandler                  0x08000313   Thumb Code     0  startup_stm32f40_41xxx.o(.text)
    DMA2_Stream6_IRQHandler                  0x08000313   Thumb Code     0  startup_stm32f40_41xxx.o(.text)
    DMA2_Stream7_IRQHandler                  0x08000313   Thumb Code     0  startup_stm32f40_41xxx.o(.text)
    ETH_IRQHandler                           0x08000313   Thumb Code     0  startup_stm32f40_41xxx.o(.text)
    ETH_WKUP_IRQHandler                      0x08000313   Thumb Code     0  startup_stm32f40_41xxx.o(.text)
    EXTI0_IRQHandler                         0x08000313   Thumb Code     0  startup_stm32f40_41xxx.o(.text)
    EXTI15_10_IRQHandler                     0x08000313   Thumb Code     0  startup_stm32f40_41xxx.o(.text)
    EXTI1_IRQHandler                         0x08000313   Thumb Code     0  startup_stm32f40_41xxx.o(.text)
    EXTI2_IRQHandler                         0x08000313   Thumb Code     0  startup_stm32f40_41xxx.o(.text)
    EXTI3_IRQHandler                         0x08000313   Thumb Code     0  startup_stm32f40_41xxx.o(.text)
    EXTI4_IRQHandler                         0x08000313   Thumb Code     0  startup_stm32f40_41xxx.o(.text)
    EXTI9_5_IRQHandler                       0x08000313   Thumb Code     0  startup_stm32f40_41xxx.o(.text)
    FLASH_IRQHandler                         0x08000313   Thumb Code     0  startup_stm32f40_41xxx.o(.text)
    FPU_IRQHandler                           0x08000313   Thumb Code     0  startup_stm32f40_41xxx.o(.text)
    FSMC_IRQHandler                          0x08000313   Thumb Code     0  startup_stm32f40_41xxx.o(.text)
    HASH_RNG_IRQHandler                      0x08000313   Thumb Code     0  startup_stm32f40_41xxx.o(.text)
    I2C1_ER_IRQHandler                       0x08000313   Thumb Code     0  startup_stm32f40_41xxx.o(.text)
    I2C1_EV_IRQHandler                       0x08000313   Thumb Code     0  startup_stm32f40_41xxx.o(.text)
    I2C2_ER_IRQHandler                       0x08000313   Thumb Code     0  startup_stm32f40_41xxx.o(.text)
    I2C2_EV_IRQHandler                       0x08000313   Thumb Code     0  startup_stm32f40_41xxx.o(.text)
    I2C3_ER_IRQHandler                       0x08000313   Thumb Code     0  startup_stm32f40_41xxx.o(.text)
    I2C3_EV_IRQHandler                       0x08000313   Thumb Code     0  startup_stm32f40_41xxx.o(.text)
    OTG_FS_IRQHandler                        0x08000313   Thumb Code     0  startup_stm32f40_41xxx.o(.text)
    OTG_FS_WKUP_IRQHandler                   0x08000313   Thumb Code     0  startup_stm32f40_41xxx.o(.text)
    OTG_HS_EP1_IN_IRQHandler                 0x08000313   Thumb Code     0  startup_stm32f40_41xxx.o(.text)
    OTG_HS_EP1_OUT_IRQHandler                0x08000313   Thumb Code     0  startup_stm32f40_41xxx.o(.text)
    OTG_HS_IRQHandler                        0x08000313   Thumb Code     0  startup_stm32f40_41xxx.o(.text)
    OTG_HS_WKUP_IRQHandler                   0x08000313   Thumb Code     0  startup_stm32f40_41xxx.o(.text)
    PVD_IRQHandler                           0x08000313   Thumb Code     0  startup_stm32f40_41xxx.o(.text)
    RCC_IRQHandler                           0x08000313   Thumb Code     0  startup_stm32f40_41xxx.o(.text)
    RTC_Alarm_IRQHandler                     0x08000313   Thumb Code     0  startup_stm32f40_41xxx.o(.text)
    RTC_WKUP_IRQHandler                      0x08000313   Thumb Code     0  startup_stm32f40_41xxx.o(.text)
    SPI1_IRQHandler                          0x08000313   Thumb Code     0  startup_stm32f40_41xxx.o(.text)
    SPI2_IRQHandler                          0x08000313   Thumb Code     0  startup_stm32f40_41xxx.o(.text)
    SPI3_IRQHandler                          0x08000313   Thumb Code     0  startup_stm32f40_41xxx.o(.text)
    TAMP_STAMP_IRQHandler                    0x08000313   Thumb Code     0  startup_stm32f40_41xxx.o(.text)
    TIM1_BRK_TIM9_IRQHandler                 0x08000313   Thumb Code     0  startup_stm32f40_41xxx.o(.text)
    TIM1_CC_IRQHandler                       0x08000313   Thumb Code     0  startup_stm32f40_41xxx.o(.text)
    TIM1_TRG_COM_TIM11_IRQHandler            0x08000313   Thumb Code     0  startup_stm32f40_41xxx.o(.text)
    TIM1_UP_TIM10_IRQHandler                 0x08000313   Thumb Code     0  startup_stm32f40_41xxx.o(.text)
    TIM2_IRQHandler                          0x08000313   Thumb Code     0  startup_stm32f40_41xxx.o(.text)
    TIM3_IRQHandler                          0x08000313   Thumb Code     0  startup_stm32f40_41xxx.o(.text)
    TIM4_IRQHandler                          0x08000313   Thumb Code     0  startup_stm32f40_41xxx.o(.text)
    TIM5_IRQHandler                          0x08000313   Thumb Code     0  startup_stm32f40_41xxx.o(.text)
    TIM6_DAC_IRQHandler                      0x08000313   Thumb Code     0  startup_stm32f40_41xxx.o(.text)
    TIM7_IRQHandler                          0x08000313   Thumb Code     0  startup_stm32f40_41xxx.o(.text)
    TIM8_BRK_TIM12_IRQHandler                0x08000313   Thumb Code     0  startup_stm32f40_41xxx.o(.text)
    TIM8_CC_IRQHandler                       0x08000313   Thumb Code     0  startup_stm32f40_41xxx.o(.text)
    TIM8_TRG_COM_TIM14_IRQHandler            0x08000313   Thumb Code     0  startup_stm32f40_41xxx.o(.text)
    TIM8_UP_TIM13_IRQHandler                 0x08000313   Thumb Code     0  startup_stm32f40_41xxx.o(.text)
    UART4_IRQHandler                         0x08000313   Thumb Code     0  startup_stm32f40_41xxx.o(.text)
    UART5_IRQHandler                         0x08000313   Thumb Code     0  startup_stm32f40_41xxx.o(.text)
    USART2_IRQHandler                        0x08000313   Thumb Code     0  startup_stm32f40_41xxx.o(.text)
    USART3_IRQHandler                        0x08000313   Thumb Code     0  startup_stm32f40_41xxx.o(.text)
    USART6_IRQHandler                        0x08000313   Thumb Code     0  startup_stm32f40_41xxx.o(.text)
    WWDG_IRQHandler                          0x08000313   Thumb Code     0  startup_stm32f40_41xxx.o(.text)
    __user_initial_stackheap                 0x08000315   Thumb Code     0  startup_stm32f40_41xxx.o(.text)
    __use_no_semihosting                     0x08000339   Thumb Code     2  use_no_semi_2.o(.text)
    __aeabi_ldivmod                          0x0800033b   Thumb Code     0  llsdiv.o(.text)
    _ll_sdiv                                 0x0800033b   Thumb Code    72  llsdiv.o(.text)
    __2printf                                0x08000385   Thumb Code    20  noretval__2printf.o(.text)
    __printf                                 0x0800039d   Thumb Code   104  __printf.o(.text)
    _printf_str                              0x08000405   Thumb Code    82  _printf_str.o(.text)
    _printf_int_dec                          0x08000459   Thumb Code   104  _printf_dec.o(.text)
    __aeabi_memcpy                           0x080004d1   Thumb Code     0  rt_memcpy_v6.o(.text)
    __rt_memcpy                              0x080004d1   Thumb Code   138  rt_memcpy_v6.o(.text)
    _memcpy_lastbytes                        0x08000537   Thumb Code     0  rt_memcpy_v6.o(.text)
    __aeabi_memclr4                          0x0800055b   Thumb Code     0  rt_memclr_w.o(.text)
    __aeabi_memclr8                          0x0800055b   Thumb Code     0  rt_memclr_w.o(.text)
    __rt_memclr_w                            0x0800055b   Thumb Code    78  rt_memclr_w.o(.text)
    _memset_w                                0x0800055f   Thumb Code     0  rt_memclr_w.o(.text)
    __use_two_region_memory                  0x080005a9   Thumb Code     2  heapauxi.o(.text)
    __rt_heap_escrow$2region                 0x080005ab   Thumb Code     2  heapauxi.o(.text)
    __rt_heap_expand$2region                 0x080005ad   Thumb Code     2  heapauxi.o(.text)
    __I$use$semihosting                      0x080005af   Thumb Code     0  use_no_semi.o(.text)
    __use_no_semihosting_swi                 0x080005af   Thumb Code     2  use_no_semi.o(.text)
    __aeabi_uldivmod                         0x080005b1   Thumb Code     0  lludivv7m.o(.text)
    _ll_udiv                                 0x080005b1   Thumb Code   238  lludivv7m.o(.text)
    _printf_int_common                       0x0800069f   Thumb Code   178  _printf_intcommon.o(.text)
    _printf_cs_common                        0x08000751   Thumb Code    20  _printf_char.o(.text)
    _printf_char                             0x08000765   Thumb Code    16  _printf_char.o(.text)
    _printf_string                           0x08000775   Thumb Code     8  _printf_char.o(.text)
    _printf_char_file                        0x0800077d   Thumb Code    32  _printf_char_file.o(.text)
    __aeabi_memcpy4                          0x080007a1   Thumb Code     0  rt_memcpy_w.o(.text)
    __aeabi_memcpy8                          0x080007a1   Thumb Code     0  rt_memcpy_w.o(.text)
    __rt_memcpy_w                            0x080007a1   Thumb Code   100  rt_memcpy_w.o(.text)
    _memcpy_lastbytes_aligned                0x080007e9   Thumb Code     0  rt_memcpy_w.o(.text)
    _printf_char_common                      0x0800080f   Thumb Code    32  _printf_char_common.o(.text)
    ferror                                   0x08000835   Thumb Code     8  ferror.o(.text)
    __user_setup_stackheap                   0x0800083d   Thumb Code    74  sys_stackheap_outer.o(.text)
    exit                                     0x08000887   Thumb Code    18  exit.o(.text)
    __user_libspace                          0x08000899   Thumb Code     8  libspace.o(.text)
    __user_perproc_libspace                  0x08000899   Thumb Code     0  libspace.o(.text)
    __user_perthread_libspace                0x08000899   Thumb Code     0  libspace.o(.text)
    BusFault_Handler                         0x080008a1   Thumb Code     4  stm32f4xx_it.o(i.BusFault_Handler)
    CmdError                                 0x080008a5   Thumb Code    50  sdio_sdcard.o(i.CmdError)
    CmdResp1Error                            0x080008dd   Thumb Code    92  sdio_sdcard.o(i.CmdResp1Error)
    CmdResp2Error                            0x0800093d   Thumb Code    98  sdio_sdcard.o(i.CmdResp2Error)
    CmdResp3Error                            0x080009a5   Thumb Code    58  sdio_sdcard.o(i.CmdResp3Error)
    CmdResp6Error                            0x080009e5   Thumb Code   156  sdio_sdcard.o(i.CmdResp6Error)
    CmdResp7Error                            0x08000a85   Thumb Code    88  sdio_sdcard.o(i.CmdResp7Error)
    DebugMon_Handler                         0x08000ae1   Thumb Code     2  stm32f4xx_it.o(i.DebugMon_Handler)
    FindSCR                                  0x08000ae5   Thumb Code   344  sdio_sdcard.o(i.FindSCR)
    GPIO_AF_Set                              0x08000c41   Thumb Code    64  sys.o(i.GPIO_AF_Set)
    GPIO_Init                                0x08000c81   Thumb Code   144  stm32f4xx_gpio.o(i.GPIO_Init)
    GPIO_Set                                 0x08000d11   Thumb Code   222  sys.o(i.GPIO_Set)
    GPIO_SetBits                             0x08000def   Thumb Code     4  stm32f4xx_gpio.o(i.GPIO_SetBits)
    HardFault_Handler                        0x08000df3   Thumb Code     4  stm32f4xx_it.o(i.HardFault_Handler)
    INTX_DISABLE                             0x08000df7   Thumb Code     4  sys.o(i.INTX_DISABLE)
    INTX_ENABLE                              0x08000dfb   Thumb Code     4  sys.o(i.INTX_ENABLE)
    IsCardProgramming                        0x08000e01   Thumb Code   148  sdio_sdcard.o(i.IsCardProgramming)
    KEY_Init                                 0x08000e9d   Thumb Code    66  key.o(i.KEY_Init)
    LED_Init                                 0x08000eed   Thumb Code    56  led.o(i.LED_Init)
    MY_NVIC_Init                             0x08000f29   Thumb Code   116  sys.o(i.MY_NVIC_Init)
    MY_NVIC_PriorityGroupConfig              0x08000fa1   Thumb Code    32  sys.o(i.MY_NVIC_PriorityGroupConfig)
    MY_NVIC_SetVectorTable                   0x08000fc9   Thumb Code    12  sys.o(i.MY_NVIC_SetVectorTable)
    MemManage_Handler                        0x08000fd9   Thumb Code     4  stm32f4xx_it.o(i.MemManage_Handler)
    NMI_Handler                              0x08000fdd   Thumb Code     2  stm32f4xx_it.o(i.NMI_Handler)
    RCC_AHB1PeriphClockCmd                   0x08000fe1   Thumb Code    26  stm32f4xx_rcc.o(i.RCC_AHB1PeriphClockCmd)
    SDEnWideBus                              0x08001001   Thumb Code   118  sdio_sdcard.o(i.SDEnWideBus)
    SDIO_Clock_Set                           0x08001081   Thumb Code    16  sdio_sdcard.o(i.SDIO_Clock_Set)
    SDIO_IRQHandler                          0x08001095   Thumb Code     8  sdio_sdcard.o(i.SDIO_IRQHandler)
    SDIO_Send_Cmd                            0x0800109d   Thumb Code    40  sdio_sdcard.o(i.SDIO_Send_Cmd)
    SDIO_Send_Data_Cfg                       0x080010c9   Thumb Code    50  sdio_sdcard.o(i.SDIO_Send_Data_Cfg)
    SD_DMA_Config                            0x08001101   Thumb Code   138  sdio_sdcard.o(i.SD_DMA_Config)
    SD_EnableWideBusOperation                0x08001195   Thumb Code    94  sdio_sdcard.o(i.SD_EnableWideBusOperation)
    SD_GetCardInfo                           0x080011fd   Thumb Code   772  sdio_sdcard.o(i.SD_GetCardInfo)
    SD_GetState                              0x08001511   Thumb Code    26  sdio_sdcard.o(i.SD_GetState)
    SD_Init                                  0x0800152d   Thumb Code   348  sdio_sdcard.o(i.SD_Init)
    SD_InitializeCards                       0x080016a5   Thumb Code   256  sdio_sdcard.o(i.SD_InitializeCards)
    SD_PowerON                               0x080017b9   Thumb Code   366  sdio_sdcard.o(i.SD_PowerON)
    SD_ProcessIRQSrc                         0x08001939   Thumb Code   346  sdio_sdcard.o(i.SD_ProcessIRQSrc)
    SD_ReadBlock                             0x08001aa5   Thumb Code   554  sdio_sdcard.o(i.SD_ReadBlock)
    SD_ReadDisk                              0x08001cf1   Thumb Code   152  sdio_sdcard.o(i.SD_ReadDisk)
    SD_ReadMultiBlocks                       0x08001d91   Thumb Code   670  sdio_sdcard.o(i.SD_ReadMultiBlocks)
    SD_SelectDeselect                        0x08002055   Thumb Code    22  sdio_sdcard.o(i.SD_SelectDeselect)
    SD_SendStatus                            0x0800206d   Thumb Code    52  sdio_sdcard.o(i.SD_SendStatus)
    SD_SetDeviceMode                         0x080020a9   Thumb Code    20  sdio_sdcard.o(i.SD_SetDeviceMode)
    SD_WriteBlock                            0x080020c1   Thumb Code   804  sdio_sdcard.o(i.SD_WriteBlock)
    SD_WriteDisk                             0x08002405   Thumb Code   152  sdio_sdcard.o(i.SD_WriteDisk)
    SD_WriteMultiBlocks                      0x080024a5   Thumb Code   858  sdio_sdcard.o(i.SD_WriteMultiBlocks)
    SPI1_Init                                0x08002821   Thumb Code   164  spi.o(i.SPI1_Init)
    SPI1_ReadWriteByte                       0x080028d1   Thumb Code    42  spi.o(i.SPI1_ReadWriteByte)
    SPI1_SetSpeed                            0x08002901   Thumb Code    40  spi.o(i.SPI1_SetSpeed)
    Stm32_Clock_Init                         0x08002a19   Thumb Code    90  sys.o(i.Stm32_Clock_Init)
    SysTick_Handler                          0x08002a81   Thumb Code    46  port.o(i.SysTick_Handler)
    Sys_Clock_Set                            0x08002ab5   Thumb Code   254  sys.o(i.Sys_Clock_Set)
    SystemInit                               0x08002bc1   Thumb Code    88  system_stm32f4xx.o(i.SystemInit)
    USART1_IRQHandler                        0x08002c29   Thumb Code   116  usart.o(i.USART1_IRQHandler)
    UsageFault_Handler                       0x08002ca9   Thumb Code     4  stm32f4xx_it.o(i.UsageFault_Handler)
    W25QXX_Erase_Sector                      0x08002cad   Thumb Code    62  w25qxx.o(i.W25QXX_Erase_Sector)
    W25QXX_Init                              0x08002cf5   Thumb Code   106  w25qxx.o(i.W25QXX_Init)
    W25QXX_Read                              0x08002d75   Thumb Code    74  w25qxx.o(i.W25QXX_Read)
    W25QXX_ReadID                            0x08002dc5   Thumb Code    64  w25qxx.o(i.W25QXX_ReadID)
    W25QXX_ReadSR                            0x08002e0d   Thumb Code    36  w25qxx.o(i.W25QXX_ReadSR)
    W25QXX_Wait_Busy                         0x08002e39   Thumb Code    18  w25qxx.o(i.W25QXX_Wait_Busy)
    W25QXX_Write                             0x08002e4d   Thumb Code   180  w25qxx.o(i.W25QXX_Write)
    W25QXX_Write_Enable                      0x08002f05   Thumb Code    24  w25qxx.o(i.W25QXX_Write_Enable)
    W25QXX_Write_NoCheck                     0x08002f25   Thumb Code    70  w25qxx.o(i.W25QXX_Write_NoCheck)
    W25QXX_Write_Page                        0x08002f6d   Thumb Code    80  w25qxx.o(i.W25QXX_Write_Page)
    _sys_exit                                0x08002fc1   Thumb Code     4  usart.o(i._sys_exit)
    convert_from_bytes_to_power_of_two       0x0800310d   Thumb Code    18  sdio_sdcard.o(i.convert_from_bytes_to_power_of_two)
    delay_init                               0x0800366d   Thumb Code    56  delay.o(i.delay_init)
    delay_ms                                 0x080036ad   Thumb Code    56  delay.o(i.delay_ms)
    delay_xms                                0x080036e5   Thumb Code    56  delay.o(i.delay_xms)
    disk_initialize                          0x08003b9f   Thumb Code    44  diskio.o(i.disk_initialize)
    disk_ioctl                               0x08003bcd   Thumb Code   134  diskio.o(i.disk_ioctl)
    disk_read                                0x08003c59   Thumb Code    88  diskio.o(i.disk_read)
    disk_status                              0x08003cb1   Thumb Code    54  diskio.o(i.disk_status)
    disk_write                               0x08003ce7   Thumb Code    64  diskio.o(i.disk_write)
    exfuns_init                              0x08003d29   Thumb Code   106  exfuns.o(i.exfuns_init)
    f_close                                  0x08003da5   Thumb Code    34  ff.o(i.f_close)
    f_lseek                                  0x08003dc7   Thumb Code   416  ff.o(i.f_lseek)
    f_mkfs                                   0x08003f69   Thumb Code  1726  ff.o(i.f_mkfs)
    f_mount                                  0x0800465d   Thumb Code    80  ff.o(i.f_mount)
    f_open                                   0x080046b1   Thumb Code   504  ff.o(i.f_open)
    f_read                                   0x080048a9   Thumb Code   462  ff.o(i.f_read)
    f_sync                                   0x08004a77   Thumb Code   160  ff.o(i.f_sync)
    f_write                                  0x08004b17   Thumb Code   532  ff.o(i.f_write)
    ff_oem2uni                               0x08004d2d   Thumb Code   100  ffunicode.o(i.ff_oem2uni)
    ff_uni2oem                               0x08004d95   Thumb Code   112  ffunicode.o(i.ff_uni2oem)
    ff_wtoupper                              0x08004e09   Thumb Code   166  ffunicode.o(i.ff_wtoupper)
    fputc                                    0x08004fd9   Thumb Code    22  usart.o(i.fputc)
    get_fattime                              0x080051f3   Thumb Code     4  ff.o(i.get_fattime)
    main                                     0x08005291   Thumb Code   426  main.o(i.main)
    pvPortMalloc                             0x08005c05   Thumb Code   306  heap_4.o(i.pvPortMalloc)
    uart_init                                0x08005f7d   Thumb Code   240  usart.o(i.uart_init)
    uxListRemove                             0x0800607d   Thumb Code    40  list.o(i.uxListRemove)
    vListInsertEnd                           0x080060a5   Thumb Code    24  list.o(i.vListInsertEnd)
    vPortEnterCritical                       0x080060bd   Thumb Code    76  port.o(i.vPortEnterCritical)
    vPortExitCritical                        0x08006111   Thumb Code    56  port.o(i.vPortExitCritical)
    vTaskSuspendAll                          0x0800614d   Thumb Code    12  tasks.o(i.vTaskSuspendAll)
    vTaskSwitchContext                       0x0800615d   Thumb Code   118  tasks.o(i.vTaskSwitchContext)
    xTaskIncrementTick                       0x08006225   Thumb Code   282  tasks.o(i.xTaskIncrementTick)
    xTaskResumeAll                           0x0800636d   Thumb Code   224  tasks.o(i.xTaskResumeAll)
    _fp_init                                 0x08006471   Thumb Code    10  fpinit.o(x$fpl$fpinit)
    __fplib_config_fpu_vfp                   0x08006479   Thumb Code     0  fpinit.o(x$fpl$fpinit)
    __fplib_config_pureend_doubles           0x08006479   Thumb Code     0  fpinit.o(x$fpl$fpinit)
    Region$$Table$$Base                      0x08031078   Number         0  anon$$obj.o(Region$$Table)
    Region$$Table$$Limit                     0x08031098   Number         0  anon$$obj.o(Region$$Table)
    __stdout                                 0x20000004   Data           4  usart.o(.data)
    USART_RX_STA                             0x20000008   Data           2  usart.o(.data)
    W25QXX_TYPE                              0x2000000a   Data           2  w25qxx.o(.data)
    TransferError                            0x20000016   Data           1  sdio_sdcard.o(.data)
    TransferEnd                              0x20000017   Data           1  sdio_sdcard.o(.data)
    tempbuff                                 0x20000018   Data           4  sdio_sdcard.o(.data)
    fs                                       0x2000001c   Data           8  exfuns.o(.data)
    file                                     0x20000024   Data           4  exfuns.o(.data)
    ftemp                                    0x20000028   Data           4  exfuns.o(.data)
    fatbuf                                   0x2000002c   Data           4  exfuns.o(.data)
    pxCurrentTCB                             0x2000003c   Data           4  tasks.o(.data)
    USART_RX_BUF                             0x200000a4   Data         200  usart.o(.bss)
    W25QXX_BUFFER                            0x2000016c   Data        4096  w25qxx.o(.bss)
    SDCardInfo                               0x20001190   Data          88  sdio_sdcard.o(.bss)
    SDIO_DATA_BUFFER                         0x200011e8   Data         512  sdio_sdcard.o(.bss)
    __libspace_start                         0x200142b0   Data          96  libspace.o(.bss)
    __temporary_stack_top$libspace           0x20014310   Data           0  libspace.o(.bss)



==============================================================================

Memory Map of the image

  Image Entry point : 0x080002f9

  Load Region LR_1 (Base: 0x08000000, Size: 0x0003113c, Max: 0xffffffff, ABSOLUTE)

    Execution Region ER_RO (Exec base: 0x08000000, Load base: 0x08000000, Size: 0x00031098, Max: 0xffffffff, ABSOLUTE)

    Exec Addr    Load Addr    Size         Type   Attr      Idx    E Section Name        Object

    0x08000000   0x08000000   0x00000188   Data   RO          273    RESET               startup_stm32f40_41xxx.o
    0x08000188   0x08000188   0x00000008   Code   RO         2968  * !!!main             c_w.l(__main.o)
    0x08000190   0x08000190   0x00000034   Code   RO         3154    !!!scatter          c_w.l(__scatter.o)
    0x080001c4   0x080001c4   0x0000001a   Code   RO         3156    !!handler_copy      c_w.l(__scatter_copy.o)
    0x080001de   0x080001de   0x00000002   PAD
    0x080001e0   0x080001e0   0x0000001c   Code   RO         3158    !!handler_zi        c_w.l(__scatter_zi.o)
    0x080001fc   0x080001fc   0x00000000   Code   RO         2955    .ARM.Collect$$_printf_percent$$00000000  c_w.l(_printf_percent.o)
    0x080001fc   0x080001fc   0x00000006   Code   RO         2954    .ARM.Collect$$_printf_percent$$00000009  c_w.l(_printf_d.o)
    0x08000202   0x08000202   0x00000006   Code   RO         2953    .ARM.Collect$$_printf_percent$$00000014  c_w.l(_printf_s.o)
    0x08000208   0x08000208   0x00000004   Code   RO         2981    .ARM.Collect$$_printf_percent$$00000017  c_w.l(_printf_percent_end.o)
    0x0800020c   0x0800020c   0x00000002   Code   RO         3024    .ARM.Collect$$libinit$$00000000  c_w.l(libinit.o)
    0x0800020e   0x0800020e   0x00000004   Code   RO         3034    .ARM.Collect$$libinit$$00000001  c_w.l(libinit2.o)
    0x08000212   0x08000212   0x00000000   Code   RO         3037    .ARM.Collect$$libinit$$00000004  c_w.l(libinit2.o)
    0x08000212   0x08000212   0x00000000   Code   RO         3040    .ARM.Collect$$libinit$$0000000A  c_w.l(libinit2.o)
    0x08000212   0x08000212   0x00000000   Code   RO         3042    .ARM.Collect$$libinit$$0000000C  c_w.l(libinit2.o)
    0x08000212   0x08000212   0x00000000   Code   RO         3044    .ARM.Collect$$libinit$$0000000E  c_w.l(libinit2.o)
    0x08000212   0x08000212   0x00000000   Code   RO         3047    .ARM.Collect$$libinit$$00000011  c_w.l(libinit2.o)
    0x08000212   0x08000212   0x00000000   Code   RO         3049    .ARM.Collect$$libinit$$00000013  c_w.l(libinit2.o)
    0x08000212   0x08000212   0x00000000   Code   RO         3051    .ARM.Collect$$libinit$$00000015  c_w.l(libinit2.o)
    0x08000212   0x08000212   0x00000000   Code   RO         3053    .ARM.Collect$$libinit$$00000017  c_w.l(libinit2.o)
    0x08000212   0x08000212   0x00000000   Code   RO         3055    .ARM.Collect$$libinit$$00000019  c_w.l(libinit2.o)
    0x08000212   0x08000212   0x00000000   Code   RO         3057    .ARM.Collect$$libinit$$0000001B  c_w.l(libinit2.o)
    0x08000212   0x08000212   0x00000000   Code   RO         3059    .ARM.Collect$$libinit$$0000001D  c_w.l(libinit2.o)
    0x08000212   0x08000212   0x00000000   Code   RO         3061    .ARM.Collect$$libinit$$0000001F  c_w.l(libinit2.o)
    0x08000212   0x08000212   0x00000000   Code   RO         3063    .ARM.Collect$$libinit$$00000021  c_w.l(libinit2.o)
    0x08000212   0x08000212   0x00000000   Code   RO         3065    .ARM.Collect$$libinit$$00000023  c_w.l(libinit2.o)
    0x08000212   0x08000212   0x00000000   Code   RO         3067    .ARM.Collect$$libinit$$00000025  c_w.l(libinit2.o)
    0x08000212   0x08000212   0x00000000   Code   RO         3071    .ARM.Collect$$libinit$$0000002C  c_w.l(libinit2.o)
    0x08000212   0x08000212   0x00000000   Code   RO         3073    .ARM.Collect$$libinit$$0000002E  c_w.l(libinit2.o)
    0x08000212   0x08000212   0x00000000   Code   RO         3075    .ARM.Collect$$libinit$$00000030  c_w.l(libinit2.o)
    0x08000212   0x08000212   0x00000000   Code   RO         3077    .ARM.Collect$$libinit$$00000032  c_w.l(libinit2.o)
    0x08000212   0x08000212   0x00000002   Code   RO         3078    .ARM.Collect$$libinit$$00000033  c_w.l(libinit2.o)
    0x08000214   0x08000214   0x00000002   Code   RO         3106    .ARM.Collect$$libshutdown$$00000000  c_w.l(libshutdown.o)
    0x08000216   0x08000216   0x00000000   Code   RO         3120    .ARM.Collect$$libshutdown$$00000002  c_w.l(libshutdown2.o)
    0x08000216   0x08000216   0x00000000   Code   RO         3122    .ARM.Collect$$libshutdown$$00000004  c_w.l(libshutdown2.o)
    0x08000216   0x08000216   0x00000000   Code   RO         3125    .ARM.Collect$$libshutdown$$00000007  c_w.l(libshutdown2.o)
    0x08000216   0x08000216   0x00000000   Code   RO         3128    .ARM.Collect$$libshutdown$$0000000A  c_w.l(libshutdown2.o)
    0x08000216   0x08000216   0x00000000   Code   RO         3130    .ARM.Collect$$libshutdown$$0000000C  c_w.l(libshutdown2.o)
    0x08000216   0x08000216   0x00000000   Code   RO         3133    .ARM.Collect$$libshutdown$$0000000F  c_w.l(libshutdown2.o)
    0x08000216   0x08000216   0x00000002   Code   RO         3134    .ARM.Collect$$libshutdown$$00000010  c_w.l(libshutdown2.o)
    0x08000218   0x08000218   0x00000000   Code   RO         2972    .ARM.Collect$$rtentry$$00000000  c_w.l(__rtentry.o)
    0x08000218   0x08000218   0x00000000   Code   RO         2987    .ARM.Collect$$rtentry$$00000002  c_w.l(__rtentry2.o)
    0x08000218   0x08000218   0x00000006   Code   RO         2999    .ARM.Collect$$rtentry$$00000004  c_w.l(__rtentry4.o)
    0x0800021e   0x0800021e   0x00000000   Code   RO         2989    .ARM.Collect$$rtentry$$00000009  c_w.l(__rtentry2.o)
    0x0800021e   0x0800021e   0x00000004   Code   RO         2990    .ARM.Collect$$rtentry$$0000000A  c_w.l(__rtentry2.o)
    0x08000222   0x08000222   0x00000000   Code   RO         2992    .ARM.Collect$$rtentry$$0000000C  c_w.l(__rtentry2.o)
    0x08000222   0x08000222   0x00000008   Code   RO         2993    .ARM.Collect$$rtentry$$0000000D  c_w.l(__rtentry2.o)
    0x0800022a   0x0800022a   0x00000002   Code   RO         3028    .ARM.Collect$$rtexit$$00000000  c_w.l(rtexit.o)
    0x0800022c   0x0800022c   0x00000000   Code   RO         3080    .ARM.Collect$$rtexit$$00000002  c_w.l(rtexit2.o)
    0x0800022c   0x0800022c   0x00000004   Code   RO         3081    .ARM.Collect$$rtexit$$00000003  c_w.l(rtexit2.o)
    0x08000230   0x08000230   0x00000006   Code   RO         3082    .ARM.Collect$$rtexit$$00000004  c_w.l(rtexit2.o)
    0x08000236   0x08000236   0x00000002   PAD
    0x08000238   0x08000238   0x000000be   Code   RO         2785    .emb_text           port.o
    0x080002f6   0x080002f6   0x00000002   PAD
    0x080002f8   0x080002f8   0x00000040   Code   RO          274  * .text               startup_stm32f40_41xxx.o
    0x08000338   0x08000338   0x00000002   Code   RO         2919    .text               c_w.l(use_no_semi_2.o)
    0x0800033a   0x0800033a   0x00000048   Code   RO         2921    .text               c_w.l(llsdiv.o)
    0x08000382   0x08000382   0x00000002   PAD
    0x08000384   0x08000384   0x00000018   Code   RO         2925    .text               c_w.l(noretval__2printf.o)
    0x0800039c   0x0800039c   0x00000068   Code   RO         2927    .text               c_w.l(__printf.o)
    0x08000404   0x08000404   0x00000052   Code   RO         2929    .text               c_w.l(_printf_str.o)
    0x08000456   0x08000456   0x00000002   PAD
    0x08000458   0x08000458   0x00000078   Code   RO         2931    .text               c_w.l(_printf_dec.o)
    0x080004d0   0x080004d0   0x0000008a   Code   RO         2958    .text               c_w.l(rt_memcpy_v6.o)
    0x0800055a   0x0800055a   0x0000004e   Code   RO         2962    .text               c_w.l(rt_memclr_w.o)
    0x080005a8   0x080005a8   0x00000006   Code   RO         2966    .text               c_w.l(heapauxi.o)
    0x080005ae   0x080005ae   0x00000002   Code   RO         2970    .text               c_w.l(use_no_semi.o)
    0x080005b0   0x080005b0   0x000000ee   Code   RO         2973    .text               c_w.l(lludivv7m.o)
    0x0800069e   0x0800069e   0x000000b2   Code   RO         2975    .text               c_w.l(_printf_intcommon.o)
    0x08000750   0x08000750   0x0000002c   Code   RO         2977    .text               c_w.l(_printf_char.o)
    0x0800077c   0x0800077c   0x00000024   Code   RO         2979    .text               c_w.l(_printf_char_file.o)
    0x080007a0   0x080007a0   0x00000064   Code   RO         2982    .text               c_w.l(rt_memcpy_w.o)
    0x08000804   0x08000804   0x00000030   Code   RO         3005    .text               c_w.l(_printf_char_common.o)
    0x08000834   0x08000834   0x00000008   Code   RO         3007    .text               c_w.l(ferror.o)
    0x0800083c   0x0800083c   0x0000004a   Code   RO         3011    .text               c_w.l(sys_stackheap_outer.o)
    0x08000886   0x08000886   0x00000012   Code   RO         3017    .text               c_w.l(exit.o)
    0x08000898   0x08000898   0x00000008   Code   RO         3025    .text               c_w.l(libspace.o)
    0x080008a0   0x080008a0   0x00000004   Code   RO          190    i.BusFault_Handler  stm32f4xx_it.o
    0x080008a4   0x080008a4   0x00000038   Code   RO         1153    i.CmdError          sdio_sdcard.o
    0x080008dc   0x080008dc   0x00000060   Code   RO         1154    i.CmdResp1Error     sdio_sdcard.o
    0x0800093c   0x0800093c   0x00000068   Code   RO         1155    i.CmdResp2Error     sdio_sdcard.o
    0x080009a4   0x080009a4   0x00000040   Code   RO         1156    i.CmdResp3Error     sdio_sdcard.o
    0x080009e4   0x080009e4   0x000000a0   Code   RO         1157    i.CmdResp6Error     sdio_sdcard.o
    0x08000a84   0x08000a84   0x0000005c   Code   RO         1158    i.CmdResp7Error     sdio_sdcard.o
    0x08000ae0   0x08000ae0   0x00000002   Code   RO          191    i.DebugMon_Handler  stm32f4xx_it.o
    0x08000ae2   0x08000ae2   0x00000002   PAD
    0x08000ae4   0x08000ae4   0x0000015c   Code   RO         1159    i.FindSCR           sdio_sdcard.o
    0x08000c40   0x08000c40   0x00000040   Code   RO          345    i.GPIO_AF_Set       sys.o
    0x08000c80   0x08000c80   0x00000090   Code   RO          897    i.GPIO_Init         stm32f4xx_gpio.o
    0x08000d10   0x08000d10   0x000000de   Code   RO          346    i.GPIO_Set          sys.o
    0x08000dee   0x08000dee   0x00000004   Code   RO          905    i.GPIO_SetBits      stm32f4xx_gpio.o
    0x08000df2   0x08000df2   0x00000004   Code   RO          192    i.HardFault_Handler  stm32f4xx_it.o
    0x08000df6   0x08000df6   0x00000004   Code   RO          347    i.INTX_DISABLE      sys.o
    0x08000dfa   0x08000dfa   0x00000004   Code   RO          348    i.INTX_ENABLE       sys.o
    0x08000dfe   0x08000dfe   0x00000002   PAD
    0x08000e00   0x08000e00   0x0000009c   Code   RO         1160    i.IsCardProgramming  sdio_sdcard.o
    0x08000e9c   0x08000e9c   0x00000050   Code   RO          990    i.KEY_Init          key.o
    0x08000eec   0x08000eec   0x0000003c   Code   RO         1016    i.LED_Init          led.o
    0x08000f28   0x08000f28   0x00000078   Code   RO          349    i.MY_NVIC_Init      sys.o
    0x08000fa0   0x08000fa0   0x00000028   Code   RO          350    i.MY_NVIC_PriorityGroupConfig  sys.o
    0x08000fc8   0x08000fc8   0x00000010   Code   RO          351    i.MY_NVIC_SetVectorTable  sys.o
    0x08000fd8   0x08000fd8   0x00000004   Code   RO          193    i.MemManage_Handler  stm32f4xx_it.o
    0x08000fdc   0x08000fdc   0x00000002   Code   RO          194    i.NMI_Handler       stm32f4xx_it.o
    0x08000fde   0x08000fde   0x00000002   PAD
    0x08000fe0   0x08000fe0   0x00000020   Code   RO          566    i.RCC_AHB1PeriphClockCmd  stm32f4xx_rcc.o
    0x08001000   0x08001000   0x00000080   Code   RO         1161    i.SDEnWideBus       sdio_sdcard.o
    0x08001080   0x08001080   0x00000014   Code   RO         1162    i.SDIO_Clock_Set    sdio_sdcard.o
    0x08001094   0x08001094   0x00000008   Code   RO         1163    i.SDIO_IRQHandler   sdio_sdcard.o
    0x0800109c   0x0800109c   0x0000002c   Code   RO         1164    i.SDIO_Send_Cmd     sdio_sdcard.o
    0x080010c8   0x080010c8   0x00000038   Code   RO         1165    i.SDIO_Send_Data_Cfg  sdio_sdcard.o
    0x08001100   0x08001100   0x00000094   Code   RO         1166    i.SD_DMA_Config     sdio_sdcard.o
    0x08001194   0x08001194   0x00000068   Code   RO         1167    i.SD_EnableWideBusOperation  sdio_sdcard.o
    0x080011fc   0x080011fc   0x00000314   Code   RO         1168    i.SD_GetCardInfo    sdio_sdcard.o
    0x08001510   0x08001510   0x0000001a   Code   RO         1169    i.SD_GetState       sdio_sdcard.o
    0x0800152a   0x0800152a   0x00000002   PAD
    0x0800152c   0x0800152c   0x00000178   Code   RO         1170    i.SD_Init           sdio_sdcard.o
    0x080016a4   0x080016a4   0x00000114   Code   RO         1171    i.SD_InitializeCards  sdio_sdcard.o
    0x080017b8   0x080017b8   0x00000180   Code   RO         1173    i.SD_PowerON        sdio_sdcard.o
    0x08001938   0x08001938   0x0000016c   Code   RO         1174    i.SD_ProcessIRQSrc  sdio_sdcard.o
    0x08001aa4   0x08001aa4   0x0000024c   Code   RO         1175    i.SD_ReadBlock      sdio_sdcard.o
    0x08001cf0   0x08001cf0   0x000000a0   Code   RO         1176    i.SD_ReadDisk       sdio_sdcard.o
    0x08001d90   0x08001d90   0x000002c4   Code   RO         1177    i.SD_ReadMultiBlocks  sdio_sdcard.o
    0x08002054   0x08002054   0x00000016   Code   RO         1178    i.SD_SelectDeselect  sdio_sdcard.o
    0x0800206a   0x0800206a   0x00000002   PAD
    0x0800206c   0x0800206c   0x0000003c   Code   RO         1179    i.SD_SendStatus     sdio_sdcard.o
    0x080020a8   0x080020a8   0x00000018   Code   RO         1180    i.SD_SetDeviceMode  sdio_sdcard.o
    0x080020c0   0x080020c0   0x00000344   Code   RO         1181    i.SD_WriteBlock     sdio_sdcard.o
    0x08002404   0x08002404   0x000000a0   Code   RO         1182    i.SD_WriteDisk      sdio_sdcard.o
    0x080024a4   0x080024a4   0x0000037c   Code   RO         1183    i.SD_WriteMultiBlocks  sdio_sdcard.o
    0x08002820   0x08002820   0x000000b0   Code   RO         1373    i.SPI1_Init         spi.o
    0x080028d0   0x080028d0   0x00000030   Code   RO         1374    i.SPI1_ReadWriteByte  spi.o
    0x08002900   0x08002900   0x0000002c   Code   RO         1375    i.SPI1_SetSpeed     spi.o
    0x0800292c   0x0800292c   0x000000ec   Code   RO          239    i.SetSysClock       system_stm32f4xx.o
    0x08002a18   0x08002a18   0x00000068   Code   RO          352    i.Stm32_Clock_Init  sys.o
    0x08002a80   0x08002a80   0x00000034   Code   RO         2786    i.SysTick_Handler   port.o
    0x08002ab4   0x08002ab4   0x0000010c   Code   RO          353    i.Sys_Clock_Set     sys.o
    0x08002bc0   0x08002bc0   0x00000068   Code   RO          241    i.SystemInit        system_stm32f4xx.o
    0x08002c28   0x08002c28   0x00000080   Code   RO          458    i.USART1_IRQHandler  usart.o
    0x08002ca8   0x08002ca8   0x00000004   Code   RO          195    i.UsageFault_Handler  stm32f4xx_it.o
    0x08002cac   0x08002cac   0x00000048   Code   RO         1036    i.W25QXX_Erase_Sector  w25qxx.o
    0x08002cf4   0x08002cf4   0x00000080   Code   RO         1037    i.W25QXX_Init       w25qxx.o
    0x08002d74   0x08002d74   0x00000050   Code   RO         1039    i.W25QXX_Read       w25qxx.o
    0x08002dc4   0x08002dc4   0x00000048   Code   RO         1040    i.W25QXX_ReadID     w25qxx.o
    0x08002e0c   0x08002e0c   0x0000002c   Code   RO         1041    i.W25QXX_ReadSR     w25qxx.o
    0x08002e38   0x08002e38   0x00000012   Code   RO         1043    i.W25QXX_Wait_Busy  w25qxx.o
    0x08002e4a   0x08002e4a   0x00000002   PAD
    0x08002e4c   0x08002e4c   0x000000b8   Code   RO         1044    i.W25QXX_Write      w25qxx.o
    0x08002f04   0x08002f04   0x00000020   Code   RO         1046    i.W25QXX_Write_Enable  w25qxx.o
    0x08002f24   0x08002f24   0x00000046   Code   RO         1047    i.W25QXX_Write_NoCheck  w25qxx.o
    0x08002f6a   0x08002f6a   0x00000002   PAD
    0x08002f6c   0x08002f6c   0x00000054   Code   RO         1048    i.W25QXX_Write_Page  w25qxx.o
    0x08002fc0   0x08002fc0   0x00000004   Code   RO          459    i._sys_exit         usart.o
    0x08002fc4   0x08002fc4   0x00000080   Code   RO         1510    i.check_fs          ff.o
    0x08003044   0x08003044   0x00000014   Code   RO         1511    i.chk_chr           ff.o
    0x08003058   0x08003058   0x0000001a   Code   RO         1512    i.clst2sect         ff.o
    0x08003072   0x08003072   0x00000002   PAD
    0x08003074   0x08003074   0x00000098   Code   RO         1513    i.cmp_lfn           ff.o
    0x0800310c   0x0800310c   0x00000012   Code   RO         1184    i.convert_from_bytes_to_power_of_two  sdio_sdcard.o
    0x0800311e   0x0800311e   0x00000120   Code   RO         1514    i.create_chain      ff.o
    0x0800323e   0x0800323e   0x00000002   PAD
    0x08003240   0x08003240   0x00000254   Code   RO         1515    i.create_name       ff.o
    0x08003494   0x08003494   0x0000015c   Code   RO         1516    i.create_partition  ff.o
    0x080035f0   0x080035f0   0x00000034   Code   RO         1517    i.dbc_1st           ff.o
    0x08003624   0x08003624   0x00000048   Code   RO         1518    i.dbc_2nd           ff.o
    0x0800366c   0x0800366c   0x00000040   Code   RO          279    i.delay_init        delay.o
    0x080036ac   0x080036ac   0x00000038   Code   RO          280    i.delay_ms          delay.o
    0x080036e4   0x080036e4   0x0000003c   Code   RO          282    i.delay_xms         delay.o
    0x08003720   0x08003720   0x00000060   Code   RO         1519    i.dir_alloc         ff.o
    0x08003780   0x08003780   0x00000060   Code   RO         1520    i.dir_clear         ff.o
    0x080037e0   0x080037e0   0x000000fc   Code   RO         1521    i.dir_find          ff.o
    0x080038dc   0x080038dc   0x000000da   Code   RO         1522    i.dir_next          ff.o
    0x080039b6   0x080039b6   0x00000142   Code   RO         1524    i.dir_register      ff.o
    0x08003af8   0x08003af8   0x000000a6   Code   RO         1526    i.dir_sdi           ff.o
    0x08003b9e   0x08003b9e   0x0000002c   Code   RO         1401    i.disk_initialize   diskio.o
    0x08003bca   0x08003bca   0x00000002   PAD
    0x08003bcc   0x08003bcc   0x0000008c   Code   RO         1402    i.disk_ioctl        diskio.o
    0x08003c58   0x08003c58   0x00000058   Code   RO         1403    i.disk_read         diskio.o
    0x08003cb0   0x08003cb0   0x00000036   Code   RO         1404    i.disk_status       diskio.o
    0x08003ce6   0x08003ce6   0x00000040   Code   RO         1405    i.disk_write        diskio.o
    0x08003d26   0x08003d26   0x00000002   PAD
    0x08003d28   0x08003d28   0x0000007c   Code   RO         1460    i.exfuns_init       exfuns.o
    0x08003da4   0x08003da4   0x00000022   Code   RO         1527    i.f_close           ff.o
    0x08003dc6   0x08003dc6   0x000001a0   Code   RO         1530    i.f_lseek           ff.o
    0x08003f66   0x08003f66   0x00000002   PAD
    0x08003f68   0x08003f68   0x000006f4   Code   RO         1532    i.f_mkfs            ff.o
    0x0800465c   0x0800465c   0x00000054   Code   RO         1533    i.f_mount           ff.o
    0x080046b0   0x080046b0   0x000001f8   Code   RO         1534    i.f_open            ff.o
    0x080048a8   0x080048a8   0x000001ce   Code   RO         1536    i.f_read            ff.o
    0x08004a76   0x08004a76   0x000000a0   Code   RO         1540    i.f_sync            ff.o
    0x08004b16   0x08004b16   0x00000214   Code   RO         1543    i.f_write           ff.o
    0x08004d2a   0x08004d2a   0x00000002   PAD
    0x08004d2c   0x08004d2c   0x00000068   Code   RO         1854    i.ff_oem2uni        ffunicode.o
    0x08004d94   0x08004d94   0x00000074   Code   RO         1855    i.ff_uni2oem        ffunicode.o
    0x08004e08   0x08004e08   0x000000b0   Code   RO         1856    i.ff_wtoupper       ffunicode.o
    0x08004eb8   0x08004eb8   0x00000078   Code   RO         1544    i.find_volume       ff.o
    0x08004f30   0x08004f30   0x000000a8   Code   RO         1545    i.follow_path       ff.o
    0x08004fd8   0x08004fd8   0x0000001c   Code   RO          460    i.fputc             usart.o
    0x08004ff4   0x08004ff4   0x000000cc   Code   RO         1546    i.gen_numname       ff.o
    0x080050c0   0x080050c0   0x00000132   Code   RO         1547    i.get_fat           ff.o
    0x080051f2   0x080051f2   0x00000004   Code   RO         1548    i.get_fattime       ff.o
    0x080051f6   0x080051f6   0x0000004e   Code   RO         1550    i.get_ldnumber      ff.o
    0x08005244   0x08005244   0x00000026   Code   RO         1551    i.ld_clust          ff.o
    0x0800526a   0x0800526a   0x00000018   Code   RO         1552    i.ld_dword          ff.o
    0x08005282   0x08005282   0x0000000c   Code   RO         1553    i.ld_word           ff.o
    0x0800528e   0x0800528e   0x00000002   PAD
    0x08005290   0x08005290   0x000002cc   Code   RO            2    i.main              main.o
    0x0800555c   0x0800555c   0x00000024   Code   RO         1554    i.mem_cmp           ff.o
    0x08005580   0x08005580   0x0000001a   Code   RO         1555    i.mem_cpy           ff.o
    0x0800559a   0x0800559a   0x00000012   Code   RO         1556    i.mem_set           ff.o
    0x080055ac   0x080055ac   0x000002fc   Code   RO         1557    i.mount_volume      ff.o
    0x080058a8   0x080058a8   0x00000034   Code   RO         1558    i.move_window       ff.o
    0x080058dc   0x080058dc   0x0000007c   Code   RO         2862    i.prvHeapInit       heap_4.o
    0x08005958   0x08005958   0x00000068   Code   RO         2863    i.prvInsertBlockIntoFreeList  heap_4.o
    0x080059c0   0x080059c0   0x00000034   Code   RO         2269    i.prvResetNextTaskUnblockTime  tasks.o
    0x080059f4   0x080059f4   0x00000190   Code   RO         1560    i.put_fat           ff.o
    0x08005b84   0x08005b84   0x00000080   Code   RO         1561    i.put_lfn           ff.o
    0x08005c04   0x08005c04   0x0000014c   Code   RO         2864    i.pvPortMalloc      heap_4.o
    0x08005d50   0x08005d50   0x0000009a   Code   RO         1563    i.remove_chain      ff.o
    0x08005dea   0x08005dea   0x00000024   Code   RO         1564    i.st_clust          ff.o
    0x08005e0e   0x08005e0e   0x00000018   Code   RO         1565    i.st_dword          ff.o
    0x08005e26   0x08005e26   0x0000000c   Code   RO         1566    i.st_word           ff.o
    0x08005e32   0x08005e32   0x00000020   Code   RO         1567    i.sum_sfn           ff.o
    0x08005e52   0x08005e52   0x00000002   PAD
    0x08005e54   0x08005e54   0x00000090   Code   RO         1568    i.sync_fs           ff.o
    0x08005ee4   0x08005ee4   0x0000004a   Code   RO         1569    i.sync_window       ff.o
    0x08005f2e   0x08005f2e   0x0000004c   Code   RO         1570    i.tchar2uni         ff.o
    0x08005f7a   0x08005f7a   0x00000002   PAD
    0x08005f7c   0x08005f7c   0x00000100   Code   RO          461    i.uart_init         usart.o
    0x0800607c   0x0800607c   0x00000028   Code   RO         2003    i.uxListRemove      list.o
    0x080060a4   0x080060a4   0x00000018   Code   RO         2007    i.vListInsertEnd    list.o
    0x080060bc   0x080060bc   0x00000054   Code   RO         2790    i.vPortEnterCritical  port.o
    0x08006110   0x08006110   0x0000003c   Code   RO         2791    i.vPortExitCritical  port.o
    0x0800614c   0x0800614c   0x00000010   Code   RO         2300    i.vTaskSuspendAll   tasks.o
    0x0800615c   0x0800615c   0x0000008c   Code   RO         2301    i.vTaskSwitchContext  tasks.o
    0x080061e8   0x080061e8   0x0000003c   Code   RO         1571    i.validate          ff.o
    0x08006224   0x08006224   0x00000148   Code   RO         2311    i.xTaskIncrementTick  tasks.o
    0x0800636c   0x0800636c   0x00000104   Code   RO         2317    i.xTaskResumeAll    tasks.o
    0x08006470   0x08006470   0x0000000a   Code   RO         3094    x$fpl$fpinit        fz_wm.l(fpinit.o)
    0x0800647a   0x0800647a   0x00000002   PAD
    0x0800647c   0x0800647c   0x00000044   Data   RO         1573    .constdata          ff.o
    0x080064c0   0x080064c0   0x0002abb6   Data   RO         1857    .constdata          ffunicode.o
    0x08031076   0x08031076   0x00000002   PAD
    0x08031078   0x08031078   0x00000020   Data   RO         3152    Region$$Table       anon$$obj.o


    Execution Region ER_RW (Exec base: 0x20000000, Load base: 0x08031098, Size: 0x000000a4, Max: 0xffffffff, ABSOLUTE)

    Exec Addr    Load Addr    Size         Type   Attr      Idx    E Section Name        Object

    0x20000000   0x08031098   0x00000004   Data   RW          283    .data               delay.o
    0x20000004   0x0803109c   0x00000006   Data   RW          463    .data               usart.o
    0x2000000a   0x080310a2   0x00000002   Data   RW         1051    .data               w25qxx.o
    0x2000000c   0x080310a4   0x00000010   Data   RW         1186    .data               sdio_sdcard.o
    0x2000001c   0x080310b4   0x00000014   Data   RW         1465    .data               exfuns.o
    0x20000030   0x080310c8   0x0000000a   Data   RW         1574    .data               ff.o
    0x2000003a   0x080310d2   0x00000002   PAD
    0x2000003c   0x080310d4   0x0000003c   Data   RW         2320    .data               tasks.o
    0x20000078   0x08031110   0x0000000c   Data   RW         2795    .data               port.o
    0x20000084   0x0803111c   0x00000020   Data   RW         2871    .data               heap_4.o


    Execution Region ER_ZI (Exec base: 0x200000a4, Load base: 0x0803113c, Size: 0x0001486c, Max: 0xffffffff, ABSOLUTE)

    Exec Addr    Load Addr    Size         Type   Attr      Idx    E Section Name        Object

    0x200000a4        -       0x000000c8   Zero   RW          462    .bss                usart.o
    0x2000016c        -       0x00001000   Zero   RW         1050    .bss                w25qxx.o
    0x2000116c   0x0803113c   0x00000004   PAD
    0x20001170        -       0x00000278   Zero   RW         1185    .bss                sdio_sdcard.o
    0x200013e8        -       0x00000200   Zero   RW         1572    .bss                ff.o
    0x200015e8        -       0x000000c8   Zero   RW         2319    .bss                tasks.o
    0x200016b0        -       0x00012c00   Zero   RW         2870    .bss                heap_4.o
    0x200142b0        -       0x00000060   Zero   RW         3026    .bss                c_w.l(libspace.o)
    0x20014310        -       0x00000200   Zero   RW          272    HEAP                startup_stm32f40_41xxx.o
    0x20014510        -       0x00000400   Zero   RW          271    STACK               startup_stm32f40_41xxx.o


==============================================================================

Image component sizes


      Code (inc. data)   RO Data    RW Data    ZI Data      Debug   Object Name

         0          0          0          0          0       2556   croutine.o
       180         12          0          4          0     229348   delay.o
       390          6          0          0          0      15167   diskio.o
         0          0          0          0          0       7400   event_groups.o
       124         18          0         20          0       1356   exfuns.o
      9794        188         68         10        512      53862   ff.o
       396         28     175030          0          0       2748   ffunicode.o
       560         60          0         32      76800       3451   heap_4.o
        80         14          0          0          0        439   key.o
        60          4          0          0          0        483   led.o
        64          0          0          0          0       1436   list.o
       716        290          0          0          0     246955   main.o
         0          0          0          0          0     227504   misc.o
       386         34          0         12          0       5515   port.o
      7266        352          0         16        632      33745   sdio_sdcard.o
       268         22          0          0          0       1517   spi.o
        64         26        392          0       1536        824   startup_stm32f40_41xxx.o
       148          0          0          0          0       1575   stm32f4xx_gpio.o
        20          0          0          0          0       2561   stm32f4xx_it.o
        32          6          0          0          0        565   stm32f4xx_rcc.o
       842         44          0          0          0     233347   sys.o
       340         32          0          0          0       1401   system_stm32f4xx.o
       796        118          0         60        200      10200   tasks.o
         0          0          0          0          0       2512   timers.o
       416         34          0          6        200       4176   usart.o
       784         70          0          2       4096       6469   w25qxx.o

    ----------------------------------------------------------------------
     23760       1358     175524        164      83980    1097112   Object Totals
         0          0         32          0          0          0   (incl. Generated)
        34          0          2          2          4          0   (incl. Padding)

    ----------------------------------------------------------------------

      Code (inc. data)   RO Data    RW Data    ZI Data      Debug   Library Member Name

         8          0          0          0          0         68   __main.o
       104          0          0          0          0         84   __printf.o
         0          0          0          0          0          0   __rtentry.o
        12          0          0          0          0          0   __rtentry2.o
         6          0          0          0          0          0   __rtentry4.o
        52          8          0          0          0          0   __scatter.o
        26          0          0          0          0          0   __scatter_copy.o
        28          0          0          0          0          0   __scatter_zi.o
        44          0          0          0          0        108   _printf_char.o
        48          6          0          0          0         96   _printf_char_common.o
        36          4          0          0          0         80   _printf_char_file.o
         6          0          0          0          0          0   _printf_d.o
       120         16          0          0          0         92   _printf_dec.o
       178          0          0          0          0         88   _printf_intcommon.o
         0          0          0          0          0          0   _printf_percent.o
         4          0          0          0          0          0   _printf_percent_end.o
         6          0          0          0          0          0   _printf_s.o
        82          0          0          0          0         80   _printf_str.o
        18          0          0          0          0         80   exit.o
         8          0          0          0          0         68   ferror.o
         6          0          0          0          0        152   heapauxi.o
         2          0          0          0          0          0   libinit.o
         6          0          0          0          0          0   libinit2.o
         2          0          0          0          0          0   libshutdown.o
         2          0          0          0          0          0   libshutdown2.o
         8          4          0          0         96         68   libspace.o
        72          0          0          0          0         76   llsdiv.o
       238          0          0          0          0        100   lludivv7m.o
        24          4          0          0          0         84   noretval__2printf.o
        78          0          0          0          0         80   rt_memclr_w.o
       138          0          0          0          0         68   rt_memcpy_v6.o
       100          0          0          0          0         80   rt_memcpy_w.o
         2          0          0          0          0          0   rtexit.o
        10          0          0          0          0          0   rtexit2.o
        74          0          0          0          0         80   sys_stackheap_outer.o
         2          0          0          0          0         68   use_no_semi.o
         2          0          0          0          0         68   use_no_semi_2.o
        10          0          0          0          0        116   fpinit.o

    ----------------------------------------------------------------------
      1572         42          0          0         96       1884   Library Totals
        10          0          0          0          0          0   (incl. Padding)

    ----------------------------------------------------------------------

      Code (inc. data)   RO Data    RW Data    ZI Data      Debug   Library Name

      1552         42          0          0         96       1768   c_w.l
        10          0          0          0          0        116   fz_wm.l

    ----------------------------------------------------------------------
      1572         42          0          0         96       1884   Library Totals

    ----------------------------------------------------------------------

==============================================================================


      Code (inc. data)   RO Data    RW Data    ZI Data      Debug   

     25332       1400     175524        164      84076    1084212   Grand Totals
     25332       1400     175524        164      84076    1084212   ELF Image Totals
     25332       1400     175524        164          0          0   ROM Totals

==============================================================================

    Total RO  Size (Code + RO Data)               200856 ( 196.15kB)
    Total RW  Size (RW Data + ZI Data)             84240 (  82.27kB)
    Total ROM Size (Code + RO Data + RW Data)     201020 ( 196.31kB)

==============================================================================

