Component: ARM Compiler 5.06 update 6 (build 750) Tool: armlink [4d35ed]

==============================================================================

Section Cross References

    clk.o(i.DPZ_SysHSE) refers to utility.o(.data) for g_osc
    clk.o(i.DPZ_SysHSE) refers to clk.o(.constdata) for _hclk_tbl
    clk.o(i.DPZ_SysHSI) refers to utility.o(.data) for g_osc
    clk.o(i.DPZ_SysHSI) refers to clk.o(.constdata) for _hclk_tbl
    clk.o(i.DPZ_SysPLL) refers to utility.o(.data) for g_osc
    clk.o(i.DPZ_SysPLL) refers to clk.o(.constdata) for _hclk_tbl
    main.o(i.main) refers to sys.o(i.DPZ_NVIC_Init) for DPZ_NVIC_Init
    main.o(i.main) refers to clk.o(i.DPZ_SysPLL) for DPZ_SysPLL
    main.o(i.main) refers to gpio.o(i.DPZ_LED_Init) for DPZ_LED_Init
    main.o(i.main) refers to usart.o(i.DPZ_USART_Init) for DPZ_USART_Init
    main.o(i.main) refers to timer13.o(i.DPZ_Timer13_PWM) for DPZ_Timer13_PWM
    main.o(i.main) refers to usart.o(i.DPZ_USART_Send) for DPZ_USART_Send
    main.o(i.main) refers to systick.o(i.DPZ_SysTick_Sleep) for DPZ_SysTick_Sleep
    main.o(i.main) refers to timer13.o(i.DPZ_Timer13_CCR) for DPZ_Timer13_CCR
    sys.o(i.DPZ_NVIC_Init) refers to sys.o(.data) for g_group_setup
    sys.o(i.DPZ_SetNVIC) refers to sys.o(.data) for g_group_setup
    systick.o(i.DPZ_SysTick_MS) refers to utility.o(.data) for g_hclk
    systick.o(i.DPZ_SysTick_MS) refers to systick.o(.data) for g_self
    systick.o(i.DPZ_SysTick_Sleep) refers to systick.o(i.DPZ_SysTick_MS) for DPZ_SysTick_MS
    systick.o(i.DPZ_SysTick_US) refers to utility.o(.data) for g_hclk
    systick.o(i.DPZ_SysTick_US) refers to systick.o(.data) for g_self
    systick.o(i.SysTick_Handler) refers to systick.o(.data) for g_self
    timer2.o(i.DPZ_Timer2_Delay) refers to sys.o(i.DPZ_SetNVIC) for DPZ_SetNVIC
    timer2.o(i.DPZ_Timer2_Delay) refers to utility.o(.data) for g_pclk1_pscr
    timer2.o(i.DPZ_Timer2_Delay) refers to timer2.o(.data) for g_self
    timer2.o(i.TIM2_IRQHandler) refers to timer2.o(.data) for g_self
    timer3.o(i.DPZ_Timer3_Delay) refers to sys.o(i.DPZ_SetNVIC) for DPZ_SetNVIC
    timer3.o(i.DPZ_Timer3_Delay) refers to utility.o(.data) for g_pclk1_pscr
    timer3.o(i.DPZ_Timer3_Delay) refers to timer3.o(.data) for g_self
    timer3.o(i.TIM3_IRQHandler) refers to timer3.o(.data) for g_self
    timer13.o(i.DPZ_Timer13_PWM) refers to utility.o(.data) for g_pclk1_pscr
    timer14.o(i.DPZ_Timer14_MS) refers to sys.o(i.DPZ_SetNVIC) for DPZ_SetNVIC
    timer14.o(i.DPZ_Timer14_MS) refers to utility.o(.data) for g_pclk1_pscr
    timer14.o(i.DPZ_Timer14_MS) refers to timer14.o(.data) for g_self
    timer14.o(i.DPZ_Timer14_Sleep) refers to timer14.o(i.DPZ_Timer14_MS) for DPZ_Timer14_MS
    timer14.o(i.TIM8_TRG_COM_TIM14_IRQHandler) refers to timer14.o(.data) for g_self
    uart4.o(i.DPZ_UART4_Init) refers to sys.o(i.DPZ_SetNVIC) for DPZ_SetNVIC
    uart4.o(i.DPZ_UART4_Init) refers to utility.o(.data) for g_pclk1
    uart5.o(i.DPZ_UART5_Init) refers to sys.o(i.DPZ_SetNVIC) for DPZ_SetNVIC
    uart5.o(i.DPZ_UART5_Init) refers to utility.o(.data) for g_pclk1
    usart.o(i.DPZ_USART_Hex) refers to utility.o(.data) for _hex_char_TBL
    usart.o(i.DPZ_USART_HexUINT16) refers to utility.o(.data) for _hex_char_TBL
    usart.o(i.DPZ_USART_HexUINT32) refers to utility.o(.data) for _hex_char_TBL
    usart.o(i.DPZ_USART_Init) refers to usart1.o(i.DPZ_USART1_Init) for DPZ_USART1_Init
    usart.o(i.DPZ_USART_Init) refers to usart2.o(i.DPZ_USART2_Init) for DPZ_USART2_Init
    usart.o(i.DPZ_USART_Init) refers to usart3.o(i.DPZ_USART3_Init) for DPZ_USART3_Init
    usart.o(i.DPZ_USART_Init) refers to uart4.o(i.DPZ_UART4_Init) for DPZ_UART4_Init
    usart.o(i.DPZ_USART_Init) refers to uart5.o(i.DPZ_UART5_Init) for DPZ_UART5_Init
    usart.o(i.DPZ_USART_Init) refers to usart6.o(i.DPZ_USART6_Init) for DPZ_USART6_Init
    usart1.o(i.DPZ_USART1_Init) refers to sys.o(i.DPZ_SetNVIC) for DPZ_SetNVIC
    usart1.o(i.DPZ_USART1_Init) refers to utility.o(.data) for g_pclk2
    usart2.o(i.DPZ_USART2_Init) refers to sys.o(i.DPZ_SetNVIC) for DPZ_SetNVIC
    usart2.o(i.DPZ_USART2_Init) refers to utility.o(.data) for g_pclk1
    usart3.o(i.DPZ_USART3_Init) refers to sys.o(i.DPZ_SetNVIC) for DPZ_SetNVIC
    usart3.o(i.DPZ_USART3_Init) refers to utility.o(.data) for g_pclk1
    usart6.o(i.DPZ_USART6_Init) refers to sys.o(i.DPZ_SetNVIC) for DPZ_SetNVIC
    usart6.o(i.DPZ_USART6_Init) refers to utility.o(.data) for g_pclk2
    utility.o(i.DPZ_U16Str) refers to utility.o(.constdata) for _div_tbl
    utility.o(i.DPZ_U32Str) refers to utility.o(.constdata) for _div_tbl
    utility.o(i.DPZ_U8Str) refers to utility.o(.constdata) for _div_tbl
    utility.o(.data) refers to utility.o(.conststring) for .conststring
    startup_stm32f407xx.o(STACK) refers (Special) to heapauxi.o(.text) for __use_two_region_memory
    startup_stm32f407xx.o(HEAP) refers (Special) to heapauxi.o(.text) for __use_two_region_memory
    startup_stm32f407xx.o(RESET) refers (Special) to heapauxi.o(.text) for __use_two_region_memory
    startup_stm32f407xx.o(RESET) refers to startup_stm32f407xx.o(STACK) for __initial_sp
    startup_stm32f407xx.o(RESET) refers to startup_stm32f407xx.o(.text) for Reset_Handler
    startup_stm32f407xx.o(RESET) refers to systick.o(i.SysTick_Handler) for SysTick_Handler
    startup_stm32f407xx.o(RESET) refers to timer2.o(i.TIM2_IRQHandler) for TIM2_IRQHandler
    startup_stm32f407xx.o(RESET) refers to timer3.o(i.TIM3_IRQHandler) for TIM3_IRQHandler
    startup_stm32f407xx.o(RESET) refers to usart1.o(i.USART1_IRQHandler) for USART1_IRQHandler
    startup_stm32f407xx.o(RESET) refers to usart2.o(i.USART2_IRQHandler) for USART2_IRQHandler
    startup_stm32f407xx.o(RESET) refers to usart3.o(i.USART3_IRQHandler) for USART3_IRQHandler
    startup_stm32f407xx.o(RESET) refers to timer14.o(i.TIM8_TRG_COM_TIM14_IRQHandler) for TIM8_TRG_COM_TIM14_IRQHandler
    startup_stm32f407xx.o(RESET) refers to uart4.o(i.UART4_IRQHandler) for UART4_IRQHandler
    startup_stm32f407xx.o(RESET) refers to uart5.o(i.UART5_IRQHandler) for UART5_IRQHandler
    startup_stm32f407xx.o(RESET) refers to usart6.o(i.USART6_IRQHandler) for USART6_IRQHandler
    startup_stm32f407xx.o(.text) refers (Special) to heapauxi.o(.text) for __use_two_region_memory
    startup_stm32f407xx.o(.text) refers to __main.o(!!!main) for __main
    startup_stm32f407xx.o(.text) refers to startup_stm32f407xx.o(HEAP) for Heap_Mem
    startup_stm32f407xx.o(.text) refers to startup_stm32f407xx.o(STACK) for Stack_Mem
    __main.o(!!!main) refers to __rtentry.o(.ARM.Collect$$rtentry$$00000000) for __rt_entry
    __rtentry.o(.ARM.Collect$$rtentry$$00000000) refers (Special) to __rtentry2.o(.ARM.Collect$$rtentry$$0000000A) for __rt_entry_li
    __rtentry.o(.ARM.Collect$$rtentry$$00000000) refers (Special) to __rtentry2.o(.ARM.Collect$$rtentry$$0000000D) for __rt_entry_main
    __rtentry.o(.ARM.Collect$$rtentry$$00000000) refers (Special) to __rtentry2.o(.ARM.Collect$$rtentry$$0000000C) for __rt_entry_postli_1
    __rtentry.o(.ARM.Collect$$rtentry$$00000000) refers (Special) to __rtentry2.o(.ARM.Collect$$rtentry$$00000009) for __rt_entry_postsh_1
    __rtentry.o(.ARM.Collect$$rtentry$$00000000) refers (Special) to __rtentry2.o(.ARM.Collect$$rtentry$$00000002) for __rt_entry_presh_1
    __rtentry.o(.ARM.Collect$$rtentry$$00000000) refers (Special) to __rtentry4.o(.ARM.Collect$$rtentry$$00000004) for __rt_entry_sh
    __rtentry2.o(.ARM.Collect$$rtentry$$00000008) refers to boardinit2.o(.text) for _platform_post_stackheap_init
    __rtentry2.o(.ARM.Collect$$rtentry$$0000000A) refers to libinit.o(.ARM.Collect$$libinit$$00000000) for __rt_lib_init
    __rtentry2.o(.ARM.Collect$$rtentry$$0000000B) refers to boardinit3.o(.text) for _platform_post_lib_init
    __rtentry2.o(.ARM.Collect$$rtentry$$0000000D) refers to main.o(i.main) for main
    __rtentry2.o(.ARM.Collect$$rtentry$$0000000D) refers to exit.o(.text) for exit
    __rtentry2.o(.ARM.exidx) refers to __rtentry2.o(.ARM.Collect$$rtentry$$00000001) for .ARM.Collect$$rtentry$$00000001
    __rtentry2.o(.ARM.exidx) refers to __rtentry2.o(.ARM.Collect$$rtentry$$00000008) for .ARM.Collect$$rtentry$$00000008
    __rtentry2.o(.ARM.exidx) refers to __rtentry2.o(.ARM.Collect$$rtentry$$0000000A) for .ARM.Collect$$rtentry$$0000000A
    __rtentry2.o(.ARM.exidx) refers to __rtentry2.o(.ARM.Collect$$rtentry$$0000000B) for .ARM.Collect$$rtentry$$0000000B
    __rtentry2.o(.ARM.exidx) refers to __rtentry2.o(.ARM.Collect$$rtentry$$0000000D) for .ARM.Collect$$rtentry$$0000000D
    __rtentry4.o(.ARM.Collect$$rtentry$$00000004) refers to sys_stackheap_outer.o(.text) for __user_setup_stackheap
    __rtentry4.o(.ARM.exidx) refers to __rtentry4.o(.ARM.Collect$$rtentry$$00000004) for .ARM.Collect$$rtentry$$00000004
    sys_stackheap_outer.o(.text) refers to libspace.o(.text) for __user_perproc_libspace
    sys_stackheap_outer.o(.text) refers to startup_stm32f407xx.o(.text) for __user_initial_stackheap
    exit.o(.text) refers to rtexit.o(.ARM.Collect$$rtexit$$00000000) for __rt_exit
    libinit.o(.ARM.Collect$$libinit$$00000000) refers (Special) to libinit2.o(.ARM.Collect$$libinit$$0000002E) for __rt_lib_init_alloca_1
    libinit.o(.ARM.Collect$$libinit$$00000000) refers (Special) to libinit2.o(.ARM.Collect$$libinit$$0000002C) for __rt_lib_init_argv_1
    libinit.o(.ARM.Collect$$libinit$$00000000) refers (Special) to libinit2.o(.ARM.Collect$$libinit$$0000001B) for __rt_lib_init_atexit_1
    libinit.o(.ARM.Collect$$libinit$$00000000) refers (Special) to libinit2.o(.ARM.Collect$$libinit$$00000021) for __rt_lib_init_clock_1
    libinit.o(.ARM.Collect$$libinit$$00000000) refers (Special) to libinit2.o(.ARM.Collect$$libinit$$00000032) for __rt_lib_init_cpp_1
    libinit.o(.ARM.Collect$$libinit$$00000000) refers (Special) to libinit2.o(.ARM.Collect$$libinit$$00000030) for __rt_lib_init_exceptions_1
    libinit.o(.ARM.Collect$$libinit$$00000000) refers (Special) to libinit2.o(.ARM.Collect$$libinit$$00000001) for __rt_lib_init_fp_1
    libinit.o(.ARM.Collect$$libinit$$00000000) refers (Special) to libinit2.o(.ARM.Collect$$libinit$$0000001F) for __rt_lib_init_fp_trap_1
    libinit.o(.ARM.Collect$$libinit$$00000000) refers (Special) to libinit2.o(.ARM.Collect$$libinit$$00000023) for __rt_lib_init_getenv_1
    libinit.o(.ARM.Collect$$libinit$$00000000) refers (Special) to libinit2.o(.ARM.Collect$$libinit$$0000000A) for __rt_lib_init_heap_1
    libinit.o(.ARM.Collect$$libinit$$00000000) refers (Special) to libinit2.o(.ARM.Collect$$libinit$$00000011) for __rt_lib_init_lc_collate_1
    libinit.o(.ARM.Collect$$libinit$$00000000) refers (Special) to libinit2.o(.ARM.Collect$$libinit$$00000013) for __rt_lib_init_lc_ctype_1
    libinit.o(.ARM.Collect$$libinit$$00000000) refers (Special) to libinit2.o(.ARM.Collect$$libinit$$00000015) for __rt_lib_init_lc_monetary_1
    libinit.o(.ARM.Collect$$libinit$$00000000) refers (Special) to libinit2.o(.ARM.Collect$$libinit$$00000017) for __rt_lib_init_lc_numeric_1
    libinit.o(.ARM.Collect$$libinit$$00000000) refers (Special) to libinit2.o(.ARM.Collect$$libinit$$00000019) for __rt_lib_init_lc_time_1
    libinit.o(.ARM.Collect$$libinit$$00000000) refers (Special) to libinit2.o(.ARM.Collect$$libinit$$00000004) for __rt_lib_init_preinit_1
    libinit.o(.ARM.Collect$$libinit$$00000000) refers (Special) to libinit2.o(.ARM.Collect$$libinit$$0000000E) for __rt_lib_init_rand_1
    libinit.o(.ARM.Collect$$libinit$$00000000) refers (Special) to libinit2.o(.ARM.Collect$$libinit$$00000033) for __rt_lib_init_return
    libinit.o(.ARM.Collect$$libinit$$00000000) refers (Special) to libinit2.o(.ARM.Collect$$libinit$$0000001D) for __rt_lib_init_signal_1
    libinit.o(.ARM.Collect$$libinit$$00000000) refers (Special) to libinit2.o(.ARM.Collect$$libinit$$00000025) for __rt_lib_init_stdio_1
    libinit.o(.ARM.Collect$$libinit$$00000000) refers (Special) to libinit2.o(.ARM.Collect$$libinit$$0000000C) for __rt_lib_init_user_alloc_1
    libspace.o(.text) refers to libspace.o(.bss) for __libspace_start
    rtexit.o(.ARM.Collect$$rtexit$$00000000) refers (Special) to rtexit2.o(.ARM.Collect$$rtexit$$00000004) for __rt_exit_exit
    rtexit.o(.ARM.Collect$$rtexit$$00000000) refers (Special) to rtexit2.o(.ARM.Collect$$rtexit$$00000003) for __rt_exit_ls
    rtexit.o(.ARM.Collect$$rtexit$$00000000) refers (Special) to rtexit2.o(.ARM.Collect$$rtexit$$00000002) for __rt_exit_prels_1
    rtexit.o(.ARM.exidx) refers (Special) to rtexit2.o(.ARM.Collect$$rtexit$$00000004) for __rt_exit_exit
    rtexit.o(.ARM.exidx) refers (Special) to rtexit2.o(.ARM.Collect$$rtexit$$00000003) for __rt_exit_ls
    rtexit.o(.ARM.exidx) refers (Special) to rtexit2.o(.ARM.Collect$$rtexit$$00000002) for __rt_exit_prels_1
    rtexit.o(.ARM.exidx) refers to rtexit.o(.ARM.Collect$$rtexit$$00000000) for .ARM.Collect$$rtexit$$00000000
    libinit2.o(.ARM.Collect$$libinit$$00000001) refers to fpinit.o(x$fpl$fpinit) for _fp_init
    libinit2.o(.ARM.Collect$$libinit$$00000010) refers to libinit2.o(.ARM.Collect$$libinit$$0000000F) for .ARM.Collect$$libinit$$0000000F
    libinit2.o(.ARM.Collect$$libinit$$00000012) refers to libinit2.o(.ARM.Collect$$libinit$$0000000F) for .ARM.Collect$$libinit$$0000000F
    libinit2.o(.ARM.Collect$$libinit$$00000014) refers to libinit2.o(.ARM.Collect$$libinit$$0000000F) for .ARM.Collect$$libinit$$0000000F
    libinit2.o(.ARM.Collect$$libinit$$00000016) refers to libinit2.o(.ARM.Collect$$libinit$$0000000F) for .ARM.Collect$$libinit$$0000000F
    libinit2.o(.ARM.Collect$$libinit$$00000018) refers to libinit2.o(.ARM.Collect$$libinit$$0000000F) for .ARM.Collect$$libinit$$0000000F
    libinit2.o(.ARM.Collect$$libinit$$00000026) refers to argv_veneer.o(.emb_text) for __ARM_argv_veneer
    libinit2.o(.ARM.Collect$$libinit$$00000027) refers to argv_veneer.o(.emb_text) for __ARM_argv_veneer
    rtexit2.o(.ARM.Collect$$rtexit$$00000003) refers to libshutdown.o(.ARM.Collect$$libshutdown$$00000000) for __rt_lib_shutdown
    rtexit2.o(.ARM.Collect$$rtexit$$00000004) refers to sys_exit.o(.text) for _sys_exit
    rtexit2.o(.ARM.exidx) refers to rtexit2.o(.ARM.Collect$$rtexit$$00000001) for .ARM.Collect$$rtexit$$00000001
    rtexit2.o(.ARM.exidx) refers to rtexit2.o(.ARM.Collect$$rtexit$$00000003) for .ARM.Collect$$rtexit$$00000003
    rtexit2.o(.ARM.exidx) refers to rtexit2.o(.ARM.Collect$$rtexit$$00000004) for .ARM.Collect$$rtexit$$00000004
    argv_veneer.o(.emb_text) refers to no_argv.o(.text) for __ARM_get_argv
    sys_exit.o(.text) refers (Special) to use_no_semi.o(.text) for __I$use$semihosting
    sys_exit.o(.text) refers (Special) to indicate_semi.o(.text) for __semihosting_library_function
    _get_argv_nomalloc.o(.text) refers (Special) to hrguard.o(.text) for __heap_region$guard
    _get_argv_nomalloc.o(.text) refers to defsig_rtmem_outer.o(.text) for __rt_SIGRTMEM
    _get_argv_nomalloc.o(.text) refers to sys_command.o(.text) for _sys_command_string
    libshutdown.o(.ARM.Collect$$libshutdown$$00000000) refers (Special) to libshutdown2.o(.ARM.Collect$$libshutdown$$00000002) for __rt_lib_shutdown_cpp_1
    libshutdown.o(.ARM.Collect$$libshutdown$$00000000) refers (Special) to libshutdown2.o(.ARM.Collect$$libshutdown$$00000007) for __rt_lib_shutdown_fp_trap_1
    libshutdown.o(.ARM.Collect$$libshutdown$$00000000) refers (Special) to libshutdown2.o(.ARM.Collect$$libshutdown$$0000000F) for __rt_lib_shutdown_heap_1
    libshutdown.o(.ARM.Collect$$libshutdown$$00000000) refers (Special) to libshutdown2.o(.ARM.Collect$$libshutdown$$00000010) for __rt_lib_shutdown_return
    libshutdown.o(.ARM.Collect$$libshutdown$$00000000) refers (Special) to libshutdown2.o(.ARM.Collect$$libshutdown$$0000000A) for __rt_lib_shutdown_signal_1
    libshutdown.o(.ARM.Collect$$libshutdown$$00000000) refers (Special) to libshutdown2.o(.ARM.Collect$$libshutdown$$00000004) for __rt_lib_shutdown_stdio_1
    libshutdown.o(.ARM.Collect$$libshutdown$$00000000) refers (Special) to libshutdown2.o(.ARM.Collect$$libshutdown$$0000000C) for __rt_lib_shutdown_user_alloc_1
    sys_command.o(.text) refers (Special) to use_no_semi.o(.text) for __I$use$semihosting
    sys_command.o(.text) refers (Special) to indicate_semi.o(.text) for __semihosting_library_function
    defsig_rtmem_outer.o(.text) refers to defsig_rtmem_inner.o(.text) for __rt_SIGRTMEM_inner
    defsig_rtmem_outer.o(.text) refers to defsig_exit.o(.text) for __sig_exit
    defsig_rtmem_formal.o(.text) refers to rt_raise.o(.text) for __rt_raise
    rt_raise.o(.text) refers to __raise.o(.text) for __raise
    rt_raise.o(.text) refers to sys_exit.o(.text) for _sys_exit
    defsig_exit.o(.text) refers to sys_exit.o(.text) for _sys_exit
    defsig_rtmem_inner.o(.text) refers to defsig_general.o(.text) for __default_signal_display
    __raise.o(.text) refers to defsig.o(CL$$defsig) for __default_signal_handler
    defsig_general.o(.text) refers to sys_wrch.o(.text) for _ttywrch
    sys_wrch.o(.text) refers (Special) to use_no_semi.o(.text) for __I$use$semihosting
    sys_wrch.o(.text) refers (Special) to indicate_semi.o(.text) for __semihosting_library_function
    defsig.o(CL$$defsig) refers to defsig_rtmem_inner.o(.text) for __rt_SIGRTMEM_inner
    defsig_abrt_inner.o(.text) refers to defsig_general.o(.text) for __default_signal_display
    defsig_fpe_inner.o(.text) refers to defsig_general.o(.text) for __default_signal_display
    defsig_rtred_inner.o(.text) refers to defsig_general.o(.text) for __default_signal_display
    defsig_stak_inner.o(.text) refers to defsig_general.o(.text) for __default_signal_display
    defsig_pvfn_inner.o(.text) refers to defsig_general.o(.text) for __default_signal_display
    defsig_cppl_inner.o(.text) refers to defsig_general.o(.text) for __default_signal_display
    defsig_segv_inner.o(.text) refers to defsig_general.o(.text) for __default_signal_display
    defsig_other.o(.text) refers to defsig_general.o(.text) for __default_signal_display


==============================================================================

Removing Unused input sections from the image.

    Removing clk.o(.rev16_text), (4 bytes).
    Removing clk.o(.revsh_text), (4 bytes).
    Removing clk.o(.rrx_text), (6 bytes).
    Removing clk.o(i.DPZ_SysHSE), (472 bytes).
    Removing clk.o(i.DPZ_SysHSI), (480 bytes).
    Removing gpio.o(.rev16_text), (4 bytes).
    Removing gpio.o(.revsh_text), (4 bytes).
    Removing gpio.o(.rrx_text), (6 bytes).
    Removing gpio.o(i.DPZ_GPIO_Reset), (108 bytes).
    Removing main.o(.rev16_text), (4 bytes).
    Removing main.o(.revsh_text), (4 bytes).
    Removing main.o(.rrx_text), (6 bytes).
    Removing sys.o(.rev16_text), (4 bytes).
    Removing sys.o(.revsh_text), (4 bytes).
    Removing sys.o(.rrx_text), (6 bytes).
    Removing sys.o(i.DPZ_ClearNVIC), (32 bytes).
    Removing sys.o(i.DPZ_PendingIRQ), (68 bytes).
    Removing sys.o(i.DPZ_SoftReset), (52 bytes).
    Removing systick.o(.rev16_text), (4 bytes).
    Removing systick.o(.revsh_text), (4 bytes).
    Removing systick.o(.rrx_text), (6 bytes).
    Removing systick.o(i.DPZ_SysTick_US), (96 bytes).
    Removing timer1.o(.rev16_text), (4 bytes).
    Removing timer1.o(.revsh_text), (4 bytes).
    Removing timer1.o(.rrx_text), (6 bytes).
    Removing timer1.o(i.DPZ_Timer1_CCR), (20 bytes).
    Removing timer1.o(i.DPZ_Timer1_PWM), (348 bytes).
    Removing timer2.o(.rev16_text), (4 bytes).
    Removing timer2.o(.revsh_text), (4 bytes).
    Removing timer2.o(.rrx_text), (6 bytes).
    Removing timer2.o(i.DPZ_Timer2_Delay), (192 bytes).
    Removing timer3.o(.rev16_text), (4 bytes).
    Removing timer3.o(.revsh_text), (4 bytes).
    Removing timer3.o(.rrx_text), (6 bytes).
    Removing timer3.o(i.DPZ_Timer3_Delay), (196 bytes).
    Removing timer4.o(.rev16_text), (4 bytes).
    Removing timer4.o(.revsh_text), (4 bytes).
    Removing timer4.o(.rrx_text), (6 bytes).
    Removing timer4.o(i.DPZ_Timer4_PWM), (244 bytes).
    Removing timer4.o(i.DPZ_Timer4_Restart), (20 bytes).
    Removing timer13.o(.rev16_text), (4 bytes).
    Removing timer13.o(.revsh_text), (4 bytes).
    Removing timer13.o(.rrx_text), (6 bytes).
    Removing timer13.o(i.DPZ_Timer13_Restart), (20 bytes).
    Removing timer13.o(.data), (4 bytes).
    Removing timer14.o(.rev16_text), (4 bytes).
    Removing timer14.o(.revsh_text), (4 bytes).
    Removing timer14.o(.rrx_text), (6 bytes).
    Removing timer14.o(i.DPZ_Timer14_MS), (168 bytes).
    Removing timer14.o(i.DPZ_Timer14_Sleep), (34 bytes).
    Removing uart4.o(.rev16_text), (4 bytes).
    Removing uart4.o(.revsh_text), (4 bytes).
    Removing uart4.o(.rrx_text), (6 bytes).
    Removing uart5.o(.rev16_text), (4 bytes).
    Removing uart5.o(.revsh_text), (4 bytes).
    Removing uart5.o(.rrx_text), (6 bytes).
    Removing usart.o(.rev16_text), (4 bytes).
    Removing usart.o(.revsh_text), (4 bytes).
    Removing usart.o(.rrx_text), (6 bytes).
    Removing usart.o(i.DPZ_USART_Hex), (124 bytes).
    Removing usart.o(i.DPZ_USART_HexUINT16), (200 bytes).
    Removing usart.o(i.DPZ_USART_HexUINT32), (308 bytes).
    Removing usart1.o(.rev16_text), (4 bytes).
    Removing usart1.o(.revsh_text), (4 bytes).
    Removing usart1.o(.rrx_text), (6 bytes).
    Removing usart2.o(.rev16_text), (4 bytes).
    Removing usart2.o(.revsh_text), (4 bytes).
    Removing usart2.o(.rrx_text), (6 bytes).
    Removing usart3.o(.rev16_text), (4 bytes).
    Removing usart3.o(.revsh_text), (4 bytes).
    Removing usart3.o(.rrx_text), (6 bytes).
    Removing usart6.o(.rev16_text), (4 bytes).
    Removing usart6.o(.revsh_text), (4 bytes).
    Removing usart6.o(.rrx_text), (6 bytes).
    Removing utility.o(i.DPZ_U16Str), (92 bytes).
    Removing utility.o(i.DPZ_U32Str), (92 bytes).
    Removing utility.o(i.DPZ_U8Str), (92 bytes).
    Removing utility.o(.constdata), (40 bytes).

78 unused section(s) (total 3754 bytes) removed from the image.

==============================================================================

Image Symbol Table

    Local Symbols

    Symbol Name                              Value     Ov Type        Size  Object(Section)

    ../clib/angel/boardlib.s                 0x00000000   Number         0  boardinit1.o ABSOLUTE
    ../clib/angel/boardlib.s                 0x00000000   Number         0  boardinit2.o ABSOLUTE
    ../clib/angel/boardlib.s                 0x00000000   Number         0  boardinit3.o ABSOLUTE
    ../clib/angel/boardlib.s                 0x00000000   Number         0  boardshut.o ABSOLUTE
    ../clib/angel/handlers.s                 0x00000000   Number         0  __scatter_zi.o ABSOLUTE
    ../clib/angel/handlers.s                 0x00000000   Number         0  __scatter_copy.o ABSOLUTE
    ../clib/angel/kernel.s                   0x00000000   Number         0  __rtentry.o ABSOLUTE
    ../clib/angel/kernel.s                   0x00000000   Number         0  __rtentry4.o ABSOLUTE
    ../clib/angel/kernel.s                   0x00000000   Number         0  __rtentry2.o ABSOLUTE
    ../clib/angel/kernel.s                   0x00000000   Number         0  rtexit.o ABSOLUTE
    ../clib/angel/kernel.s                   0x00000000   Number         0  rtexit2.o ABSOLUTE
    ../clib/angel/rt.s                       0x00000000   Number         0  rt_raise.o ABSOLUTE
    ../clib/angel/scatter.s                  0x00000000   Number         0  __scatter.o ABSOLUTE
    ../clib/angel/startup.s                  0x00000000   Number         0  __main.o ABSOLUTE
    ../clib/angel/sys.s                      0x00000000   Number         0  libspace.o ABSOLUTE
    ../clib/angel/sys.s                      0x00000000   Number         0  use_no_semi.o ABSOLUTE
    ../clib/angel/sys.s                      0x00000000   Number         0  sys_stackheap_outer.o ABSOLUTE
    ../clib/angel/sys.s                      0x00000000   Number         0  indicate_semi.o ABSOLUTE
    ../clib/angel/sysapp.c                   0x00000000   Number         0  sys_wrch.o ABSOLUTE
    ../clib/angel/sysapp.c                   0x00000000   Number         0  sys_command.o ABSOLUTE
    ../clib/angel/sysapp.c                   0x00000000   Number         0  sys_exit.o ABSOLUTE
    ../clib/armsys.c                         0x00000000   Number         0  _get_argv_nomalloc.o ABSOLUTE
    ../clib/armsys.c                         0x00000000   Number         0  no_argv.o ABSOLUTE
    ../clib/armsys.c                         0x00000000   Number         0  argv_veneer.o ABSOLUTE
    ../clib/armsys.c                         0x00000000   Number         0  argv_veneer.o ABSOLUTE
    ../clib/heapalloc.c                      0x00000000   Number         0  hrguard.o ABSOLUTE
    ../clib/heapaux.c                        0x00000000   Number         0  heapauxi.o ABSOLUTE
    ../clib/libinit.s                        0x00000000   Number         0  libshutdown2.o ABSOLUTE
    ../clib/libinit.s                        0x00000000   Number         0  libshutdown.o ABSOLUTE
    ../clib/libinit.s                        0x00000000   Number         0  libinit.o ABSOLUTE
    ../clib/libinit.s                        0x00000000   Number         0  libinit2.o ABSOLUTE
    ../clib/signal.c                         0x00000000   Number         0  defsig_rtmem_inner.o ABSOLUTE
    ../clib/signal.c                         0x00000000   Number         0  defsig_exit.o ABSOLUTE
    ../clib/signal.c                         0x00000000   Number         0  defsig_rtmem_formal.o ABSOLUTE
    ../clib/signal.c                         0x00000000   Number         0  defsig_rtmem_outer.o ABSOLUTE
    ../clib/signal.c                         0x00000000   Number         0  defsig_cppl_inner.o ABSOLUTE
    ../clib/signal.c                         0x00000000   Number         0  defsig_other.o ABSOLUTE
    ../clib/signal.c                         0x00000000   Number         0  defsig_segv_inner.o ABSOLUTE
    ../clib/signal.c                         0x00000000   Number         0  defsig_pvfn_inner.o ABSOLUTE
    ../clib/signal.c                         0x00000000   Number         0  defsig_stak_inner.o ABSOLUTE
    ../clib/signal.c                         0x00000000   Number         0  defsig_rtred_inner.o ABSOLUTE
    ../clib/signal.c                         0x00000000   Number         0  defsig_fpe_inner.o ABSOLUTE
    ../clib/signal.c                         0x00000000   Number         0  defsig_abrt_inner.o ABSOLUTE
    ../clib/signal.c                         0x00000000   Number         0  defsig_general.o ABSOLUTE
    ../clib/signal.c                         0x00000000   Number         0  __raise.o ABSOLUTE
    ../clib/signal.s                         0x00000000   Number         0  defsig.o ABSOLUTE
    ../clib/stdlib.c                         0x00000000   Number         0  exit.o ABSOLUTE
    ../fplib/fpinit.s                        0x00000000   Number         0  fpinit.o ABSOLUTE
    clk.c                                    0x00000000   Number         0  clk.o ABSOLUTE
    clk.c                                    0x00000000   Number         0  clk.o ABSOLUTE
    dc.s                                     0x00000000   Number         0  dc.o ABSOLUTE
    gpio.c                                   0x00000000   Number         0  gpio.o ABSOLUTE
    gpio.c                                   0x00000000   Number         0  gpio.o ABSOLUTE
    main.c                                   0x00000000   Number         0  main.o ABSOLUTE
    main.c                                   0x00000000   Number         0  main.o ABSOLUTE
    startup_stm32f407xx.s                    0x00000000   Number         0  startup_stm32f407xx.o ABSOLUTE
    sys.c                                    0x00000000   Number         0  sys.o ABSOLUTE
    sys.c                                    0x00000000   Number         0  sys.o ABSOLUTE
    systick.c                                0x00000000   Number         0  systick.o ABSOLUTE
    systick.c                                0x00000000   Number         0  systick.o ABSOLUTE
    timer1.c                                 0x00000000   Number         0  timer1.o ABSOLUTE
    timer1.c                                 0x00000000   Number         0  timer1.o ABSOLUTE
    timer13.c                                0x00000000   Number         0  timer13.o ABSOLUTE
    timer13.c                                0x00000000   Number         0  timer13.o ABSOLUTE
    timer14.c                                0x00000000   Number         0  timer14.o ABSOLUTE
    timer14.c                                0x00000000   Number         0  timer14.o ABSOLUTE
    timer2.c                                 0x00000000   Number         0  timer2.o ABSOLUTE
    timer2.c                                 0x00000000   Number         0  timer2.o ABSOLUTE
    timer3.c                                 0x00000000   Number         0  timer3.o ABSOLUTE
    timer3.c                                 0x00000000   Number         0  timer3.o ABSOLUTE
    timer4.c                                 0x00000000   Number         0  timer4.o ABSOLUTE
    timer4.c                                 0x00000000   Number         0  timer4.o ABSOLUTE
    uart4.c                                  0x00000000   Number         0  uart4.o ABSOLUTE
    uart4.c                                  0x00000000   Number         0  uart4.o ABSOLUTE
    uart5.c                                  0x00000000   Number         0  uart5.o ABSOLUTE
    uart5.c                                  0x00000000   Number         0  uart5.o ABSOLUTE
    usart.c                                  0x00000000   Number         0  usart.o ABSOLUTE
    usart.c                                  0x00000000   Number         0  usart.o ABSOLUTE
    usart1.c                                 0x00000000   Number         0  usart1.o ABSOLUTE
    usart1.c                                 0x00000000   Number         0  usart1.o ABSOLUTE
    usart2.c                                 0x00000000   Number         0  usart2.o ABSOLUTE
    usart2.c                                 0x00000000   Number         0  usart2.o ABSOLUTE
    usart3.c                                 0x00000000   Number         0  usart3.o ABSOLUTE
    usart3.c                                 0x00000000   Number         0  usart3.o ABSOLUTE
    usart6.c                                 0x00000000   Number         0  usart6.o ABSOLUTE
    usart6.c                                 0x00000000   Number         0  usart6.o ABSOLUTE
    utility.c                                0x00000000   Number         0  utility.o ABSOLUTE
    RESET                                    0x08000000   Section      392  startup_stm32f407xx.o(RESET)
    !!!main                                  0x08000188   Section        8  __main.o(!!!main)
    !!!scatter                               0x08000190   Section       52  __scatter.o(!!!scatter)
    !!handler_copy                           0x080001c4   Section       26  __scatter_copy.o(!!handler_copy)
    !!handler_zi                             0x080001e0   Section       28  __scatter_zi.o(!!handler_zi)
    .ARM.Collect$$libinit$$00000000          0x080001fc   Section        2  libinit.o(.ARM.Collect$$libinit$$00000000)
    .ARM.Collect$$libinit$$00000001          0x080001fe   Section        4  libinit2.o(.ARM.Collect$$libinit$$00000001)
    .ARM.Collect$$libinit$$00000004          0x08000202   Section        0  libinit2.o(.ARM.Collect$$libinit$$00000004)
    .ARM.Collect$$libinit$$0000000A          0x08000202   Section        0  libinit2.o(.ARM.Collect$$libinit$$0000000A)
    .ARM.Collect$$libinit$$0000000C          0x08000202   Section        0  libinit2.o(.ARM.Collect$$libinit$$0000000C)
    .ARM.Collect$$libinit$$0000000E          0x08000202   Section        0  libinit2.o(.ARM.Collect$$libinit$$0000000E)
    .ARM.Collect$$libinit$$00000011          0x08000202   Section        0  libinit2.o(.ARM.Collect$$libinit$$00000011)
    .ARM.Collect$$libinit$$00000013          0x08000202   Section        0  libinit2.o(.ARM.Collect$$libinit$$00000013)
    .ARM.Collect$$libinit$$00000015          0x08000202   Section        0  libinit2.o(.ARM.Collect$$libinit$$00000015)
    .ARM.Collect$$libinit$$00000017          0x08000202   Section        0  libinit2.o(.ARM.Collect$$libinit$$00000017)
    .ARM.Collect$$libinit$$00000019          0x08000202   Section        0  libinit2.o(.ARM.Collect$$libinit$$00000019)
    .ARM.Collect$$libinit$$0000001B          0x08000202   Section        0  libinit2.o(.ARM.Collect$$libinit$$0000001B)
    .ARM.Collect$$libinit$$0000001D          0x08000202   Section        0  libinit2.o(.ARM.Collect$$libinit$$0000001D)
    .ARM.Collect$$libinit$$0000001F          0x08000202   Section        0  libinit2.o(.ARM.Collect$$libinit$$0000001F)
    .ARM.Collect$$libinit$$00000021          0x08000202   Section        0  libinit2.o(.ARM.Collect$$libinit$$00000021)
    .ARM.Collect$$libinit$$00000023          0x08000202   Section        0  libinit2.o(.ARM.Collect$$libinit$$00000023)
    .ARM.Collect$$libinit$$00000025          0x08000202   Section        0  libinit2.o(.ARM.Collect$$libinit$$00000025)
    .ARM.Collect$$libinit$$0000002C          0x08000202   Section        0  libinit2.o(.ARM.Collect$$libinit$$0000002C)
    .ARM.Collect$$libinit$$0000002E          0x08000202   Section        0  libinit2.o(.ARM.Collect$$libinit$$0000002E)
    .ARM.Collect$$libinit$$00000030          0x08000202   Section        0  libinit2.o(.ARM.Collect$$libinit$$00000030)
    .ARM.Collect$$libinit$$00000032          0x08000202   Section        0  libinit2.o(.ARM.Collect$$libinit$$00000032)
    .ARM.Collect$$libinit$$00000033          0x08000202   Section        2  libinit2.o(.ARM.Collect$$libinit$$00000033)
    .ARM.Collect$$libshutdown$$00000000      0x08000204   Section        2  libshutdown.o(.ARM.Collect$$libshutdown$$00000000)
    .ARM.Collect$$libshutdown$$00000002      0x08000206   Section        0  libshutdown2.o(.ARM.Collect$$libshutdown$$00000002)
    .ARM.Collect$$libshutdown$$00000004      0x08000206   Section        0  libshutdown2.o(.ARM.Collect$$libshutdown$$00000004)
    .ARM.Collect$$libshutdown$$00000007      0x08000206   Section        0  libshutdown2.o(.ARM.Collect$$libshutdown$$00000007)
    .ARM.Collect$$libshutdown$$0000000A      0x08000206   Section        0  libshutdown2.o(.ARM.Collect$$libshutdown$$0000000A)
    .ARM.Collect$$libshutdown$$0000000C      0x08000206   Section        0  libshutdown2.o(.ARM.Collect$$libshutdown$$0000000C)
    .ARM.Collect$$libshutdown$$0000000F      0x08000206   Section        0  libshutdown2.o(.ARM.Collect$$libshutdown$$0000000F)
    .ARM.Collect$$libshutdown$$00000010      0x08000206   Section        2  libshutdown2.o(.ARM.Collect$$libshutdown$$00000010)
    .ARM.Collect$$rtentry$$00000000          0x08000208   Section        0  __rtentry.o(.ARM.Collect$$rtentry$$00000000)
    .ARM.Collect$$rtentry$$00000002          0x08000208   Section        0  __rtentry2.o(.ARM.Collect$$rtentry$$00000002)
    .ARM.Collect$$rtentry$$00000004          0x08000208   Section        6  __rtentry4.o(.ARM.Collect$$rtentry$$00000004)
    .ARM.Collect$$rtentry$$00000009          0x0800020e   Section        0  __rtentry2.o(.ARM.Collect$$rtentry$$00000009)
    .ARM.Collect$$rtentry$$0000000A          0x0800020e   Section        4  __rtentry2.o(.ARM.Collect$$rtentry$$0000000A)
    .ARM.Collect$$rtentry$$0000000C          0x08000212   Section        0  __rtentry2.o(.ARM.Collect$$rtentry$$0000000C)
    .ARM.Collect$$rtentry$$0000000D          0x08000212   Section        8  __rtentry2.o(.ARM.Collect$$rtentry$$0000000D)
    .ARM.Collect$$rtexit$$00000000           0x0800021a   Section        2  rtexit.o(.ARM.Collect$$rtexit$$00000000)
    .ARM.Collect$$rtexit$$00000002           0x0800021c   Section        0  rtexit2.o(.ARM.Collect$$rtexit$$00000002)
    .ARM.Collect$$rtexit$$00000003           0x0800021c   Section        4  rtexit2.o(.ARM.Collect$$rtexit$$00000003)
    .ARM.Collect$$rtexit$$00000004           0x08000220   Section        6  rtexit2.o(.ARM.Collect$$rtexit$$00000004)
    .text                                    0x08000228   Section       72  startup_stm32f407xx.o(.text)
    $v0                                      0x08000228   Number         0  startup_stm32f407xx.o(.text)
    .text                                    0x08000270   Section        0  heapauxi.o(.text)
    .text                                    0x08000276   Section       74  sys_stackheap_outer.o(.text)
    .text                                    0x080002c0   Section        0  exit.o(.text)
    .text                                    0x080002d4   Section        8  libspace.o(.text)
    .text                                    0x080002dc   Section        0  sys_exit.o(.text)
    .text                                    0x080002e8   Section        2  use_no_semi.o(.text)
    .text                                    0x080002ea   Section        0  indicate_semi.o(.text)
    i.DPZ_LED_Init                           0x080002ec   Section        0  gpio.o(i.DPZ_LED_Init)
    i.DPZ_NVIC_Init                          0x08000388   Section        0  sys.o(i.DPZ_NVIC_Init)
    i.DPZ_SetNVIC                            0x080003bc   Section        0  sys.o(i.DPZ_SetNVIC)
    i.DPZ_SysPLL                             0x08000440   Section        0  clk.o(i.DPZ_SysPLL)
    i.DPZ_SysTick_MS                         0x08000a34   Section        0  systick.o(i.DPZ_SysTick_MS)
    i.DPZ_SysTick_Sleep                      0x08000a94   Section        0  systick.o(i.DPZ_SysTick_Sleep)
    i.DPZ_Timer13_CCR                        0x08000ab8   Section        0  timer13.o(i.DPZ_Timer13_CCR)
    i.DPZ_Timer13_PWM                        0x08000ac4   Section        0  timer13.o(i.DPZ_Timer13_PWM)
    i.DPZ_UART4_Init                         0x08000bb0   Section        0  uart4.o(i.DPZ_UART4_Init)
    i.DPZ_UART5_Init                         0x08000ddc   Section        0  uart5.o(i.DPZ_UART5_Init)
    i.DPZ_USART1_Init                        0x08000f5c   Section        0  usart1.o(i.DPZ_USART1_Init)
    i.DPZ_USART2_Init                        0x0800118c   Section        0  usart2.o(i.DPZ_USART2_Init)
    i.DPZ_USART3_Init                        0x080013c0   Section        0  usart3.o(i.DPZ_USART3_Init)
    i.DPZ_USART6_Init                        0x080016d4   Section        0  usart6.o(i.DPZ_USART6_Init)
    i.DPZ_USART_Init                         0x0800192c   Section        0  usart.o(i.DPZ_USART_Init)
    i.DPZ_USART_Send                         0x08001984   Section        0  usart.o(i.DPZ_USART_Send)
    i.SysTick_Handler                        0x08001a00   Section        0  systick.o(i.SysTick_Handler)
    i.TIM2_IRQHandler                        0x08001a0c   Section        0  timer2.o(i.TIM2_IRQHandler)
    i.TIM3_IRQHandler                        0x08001a34   Section        0  timer3.o(i.TIM3_IRQHandler)
    i.TIM8_TRG_COM_TIM14_IRQHandler          0x08001a5c   Section        0  timer14.o(i.TIM8_TRG_COM_TIM14_IRQHandler)
    i.UART4_IRQHandler                       0x08001a84   Section        0  uart4.o(i.UART4_IRQHandler)
    i.UART5_IRQHandler                       0x08001a9c   Section        0  uart5.o(i.UART5_IRQHandler)
    i.USART1_IRQHandler                      0x08001ab0   Section        0  usart1.o(i.USART1_IRQHandler)
    i.USART2_IRQHandler                      0x08001ac4   Section        0  usart2.o(i.USART2_IRQHandler)
    i.USART3_IRQHandler                      0x08001adc   Section        0  usart3.o(i.USART3_IRQHandler)
    i.USART6_IRQHandler                      0x08001af4   Section        0  usart6.o(i.USART6_IRQHandler)
    i.main                                   0x08001b0c   Section        0  main.o(i.main)
    x$fpl$fpinit                             0x08001be8   Section       10  fpinit.o(x$fpl$fpinit)
    $v0                                      0x08001be8   Number         0  fpinit.o(x$fpl$fpinit)
    .constdata                               0x08001bf4   Section       96  clk.o(.constdata)
    _hclk_tbl                                0x08001bf4   Data          64  clk.o(.constdata)
    _pclk_tbl                                0x08001c34   Data          32  clk.o(.constdata)
    .conststring                             0x08001c54   Section       37  utility.o(.conststring)
    .data                                    0x20000000   Section        1  sys.o(.data)
    g_group_setup                            0x20000000   Data           1  sys.o(.data)
    .data                                    0x20000001   Section        1  systick.o(.data)
    g_self                                   0x20000001   Data           1  systick.o(.data)
    .data                                    0x20000004   Section        4  timer2.o(.data)
    g_self                                   0x20000004   Data           4  timer2.o(.data)
    .data                                    0x20000008   Section        4  timer3.o(.data)
    g_self                                   0x20000008   Data           4  timer3.o(.data)
    .data                                    0x2000000c   Section        4  timer14.o(.data)
    g_self                                   0x2000000c   Data           4  timer14.o(.data)
    .data                                    0x20000010   Section       30  utility.o(.data)
    .bss                                     0x20000030   Section       96  libspace.o(.bss)
    HEAP                                     0x20000090   Section      512  startup_stm32f407xx.o(HEAP)
    Heap_Mem                                 0x20000090   Data         512  startup_stm32f407xx.o(HEAP)
    STACK                                    0x20000290   Section     1024  startup_stm32f407xx.o(STACK)
    Stack_Mem                                0x20000290   Data        1024  startup_stm32f407xx.o(STACK)
    __initial_sp                             0x20000690   Data           0  startup_stm32f407xx.o(STACK)

    Global Symbols

    Symbol Name                              Value     Ov Type        Size  Object(Section)

    BuildAttributes$$THM_ISAv4$E$P$D$K$B$S$7EM$VFPi3$EXTD16$VFPS$VFMA$PE$A:L22UL41UL21$X:L11$S22US41US21$IEEE1$IW$USESV6$~STKCKD$USESV7$~SHL$OSPACE$ROPI$EBA8$UX$STANDARDLIB$REQ8$PRES8$EABIv2 0x00000000   Number         0  anon$$obj.o ABSOLUTE
    __ARM_use_no_argv                        0x00000000   Number         0  main.o ABSOLUTE
    __ARM_exceptions_init                     - Undefined Weak Reference
    __alloca_initialize                       - Undefined Weak Reference
    __arm_preinit_                            - Undefined Weak Reference
    __cpp_initialize__aeabi_                  - Undefined Weak Reference
    __cxa_finalize                            - Undefined Weak Reference
    __rt_locale                               - Undefined Weak Reference
    __sigvec_lookup                           - Undefined Weak Reference
    _atexit_init                              - Undefined Weak Reference
    _call_atexit_fns                          - Undefined Weak Reference
    _clock_init                               - Undefined Weak Reference
    _fp_trap_init                             - Undefined Weak Reference
    _fp_trap_shutdown                         - Undefined Weak Reference
    _get_lc_collate                           - Undefined Weak Reference
    _get_lc_ctype                             - Undefined Weak Reference
    _get_lc_monetary                          - Undefined Weak Reference
    _get_lc_numeric                           - Undefined Weak Reference
    _get_lc_time                              - Undefined Weak Reference
    _getenv_init                              - Undefined Weak Reference
    _handle_redirection                       - Undefined Weak Reference
    _init_alloc                               - Undefined Weak Reference
    _init_user_alloc                          - Undefined Weak Reference
    _initio                                   - Undefined Weak Reference
    _rand_init                                - Undefined Weak Reference
    _signal_finish                            - Undefined Weak Reference
    _signal_init                              - Undefined Weak Reference
    _terminate_alloc                          - Undefined Weak Reference
    _terminate_user_alloc                     - Undefined Weak Reference
    _terminateio                              - Undefined Weak Reference
    __Vectors_Size                           0x00000188   Number         0  startup_stm32f407xx.o ABSOLUTE
    __Vectors                                0x08000000   Data           4  startup_stm32f407xx.o(RESET)
    __Vectors_End                            0x08000188   Data           0  startup_stm32f407xx.o(RESET)
    __main                                   0x08000189   Thumb Code     8  __main.o(!!!main)
    __scatterload                            0x08000191   Thumb Code     0  __scatter.o(!!!scatter)
    __scatterload_rt2                        0x08000191   Thumb Code    44  __scatter.o(!!!scatter)
    __scatterload_rt2_thumb_only             0x08000191   Thumb Code     0  __scatter.o(!!!scatter)
    __scatterload_null                       0x0800019f   Thumb Code     0  __scatter.o(!!!scatter)
    __scatterload_copy                       0x080001c5   Thumb Code    26  __scatter_copy.o(!!handler_copy)
    __scatterload_zeroinit                   0x080001e1   Thumb Code    28  __scatter_zi.o(!!handler_zi)
    __rt_lib_init                            0x080001fd   Thumb Code     0  libinit.o(.ARM.Collect$$libinit$$00000000)
    __rt_lib_init_fp_1                       0x080001ff   Thumb Code     0  libinit2.o(.ARM.Collect$$libinit$$00000001)
    __rt_lib_init_alloca_1                   0x08000203   Thumb Code     0  libinit2.o(.ARM.Collect$$libinit$$0000002E)
    __rt_lib_init_argv_1                     0x08000203   Thumb Code     0  libinit2.o(.ARM.Collect$$libinit$$0000002C)
    __rt_lib_init_atexit_1                   0x08000203   Thumb Code     0  libinit2.o(.ARM.Collect$$libinit$$0000001B)
    __rt_lib_init_clock_1                    0x08000203   Thumb Code     0  libinit2.o(.ARM.Collect$$libinit$$00000021)
    __rt_lib_init_cpp_1                      0x08000203   Thumb Code     0  libinit2.o(.ARM.Collect$$libinit$$00000032)
    __rt_lib_init_exceptions_1               0x08000203   Thumb Code     0  libinit2.o(.ARM.Collect$$libinit$$00000030)
    __rt_lib_init_fp_trap_1                  0x08000203   Thumb Code     0  libinit2.o(.ARM.Collect$$libinit$$0000001F)
    __rt_lib_init_getenv_1                   0x08000203   Thumb Code     0  libinit2.o(.ARM.Collect$$libinit$$00000023)
    __rt_lib_init_heap_1                     0x08000203   Thumb Code     0  libinit2.o(.ARM.Collect$$libinit$$0000000A)
    __rt_lib_init_lc_collate_1               0x08000203   Thumb Code     0  libinit2.o(.ARM.Collect$$libinit$$00000011)
    __rt_lib_init_lc_ctype_1                 0x08000203   Thumb Code     0  libinit2.o(.ARM.Collect$$libinit$$00000013)
    __rt_lib_init_lc_monetary_1              0x08000203   Thumb Code     0  libinit2.o(.ARM.Collect$$libinit$$00000015)
    __rt_lib_init_lc_numeric_1               0x08000203   Thumb Code     0  libinit2.o(.ARM.Collect$$libinit$$00000017)
    __rt_lib_init_lc_time_1                  0x08000203   Thumb Code     0  libinit2.o(.ARM.Collect$$libinit$$00000019)
    __rt_lib_init_preinit_1                  0x08000203   Thumb Code     0  libinit2.o(.ARM.Collect$$libinit$$00000004)
    __rt_lib_init_rand_1                     0x08000203   Thumb Code     0  libinit2.o(.ARM.Collect$$libinit$$0000000E)
    __rt_lib_init_return                     0x08000203   Thumb Code     0  libinit2.o(.ARM.Collect$$libinit$$00000033)
    __rt_lib_init_signal_1                   0x08000203   Thumb Code     0  libinit2.o(.ARM.Collect$$libinit$$0000001D)
    __rt_lib_init_stdio_1                    0x08000203   Thumb Code     0  libinit2.o(.ARM.Collect$$libinit$$00000025)
    __rt_lib_init_user_alloc_1               0x08000203   Thumb Code     0  libinit2.o(.ARM.Collect$$libinit$$0000000C)
    __rt_lib_shutdown                        0x08000205   Thumb Code     0  libshutdown.o(.ARM.Collect$$libshutdown$$00000000)
    __rt_lib_shutdown_cpp_1                  0x08000207   Thumb Code     0  libshutdown2.o(.ARM.Collect$$libshutdown$$00000002)
    __rt_lib_shutdown_fp_trap_1              0x08000207   Thumb Code     0  libshutdown2.o(.ARM.Collect$$libshutdown$$00000007)
    __rt_lib_shutdown_heap_1                 0x08000207   Thumb Code     0  libshutdown2.o(.ARM.Collect$$libshutdown$$0000000F)
    __rt_lib_shutdown_return                 0x08000207   Thumb Code     0  libshutdown2.o(.ARM.Collect$$libshutdown$$00000010)
    __rt_lib_shutdown_signal_1               0x08000207   Thumb Code     0  libshutdown2.o(.ARM.Collect$$libshutdown$$0000000A)
    __rt_lib_shutdown_stdio_1                0x08000207   Thumb Code     0  libshutdown2.o(.ARM.Collect$$libshutdown$$00000004)
    __rt_lib_shutdown_user_alloc_1           0x08000207   Thumb Code     0  libshutdown2.o(.ARM.Collect$$libshutdown$$0000000C)
    __rt_entry                               0x08000209   Thumb Code     0  __rtentry.o(.ARM.Collect$$rtentry$$00000000)
    __rt_entry_presh_1                       0x08000209   Thumb Code     0  __rtentry2.o(.ARM.Collect$$rtentry$$00000002)
    __rt_entry_sh                            0x08000209   Thumb Code     0  __rtentry4.o(.ARM.Collect$$rtentry$$00000004)
    __rt_entry_li                            0x0800020f   Thumb Code     0  __rtentry2.o(.ARM.Collect$$rtentry$$0000000A)
    __rt_entry_postsh_1                      0x0800020f   Thumb Code     0  __rtentry2.o(.ARM.Collect$$rtentry$$00000009)
    __rt_entry_main                          0x08000213   Thumb Code     0  __rtentry2.o(.ARM.Collect$$rtentry$$0000000D)
    __rt_entry_postli_1                      0x08000213   Thumb Code     0  __rtentry2.o(.ARM.Collect$$rtentry$$0000000C)
    __rt_exit                                0x0800021b   Thumb Code     0  rtexit.o(.ARM.Collect$$rtexit$$00000000)
    __rt_exit_ls                             0x0800021d   Thumb Code     0  rtexit2.o(.ARM.Collect$$rtexit$$00000003)
    __rt_exit_prels_1                        0x0800021d   Thumb Code     0  rtexit2.o(.ARM.Collect$$rtexit$$00000002)
    __rt_exit_exit                           0x08000221   Thumb Code     0  rtexit2.o(.ARM.Collect$$rtexit$$00000004)
    Reset_Handler                            0x08000229   Thumb Code    14  startup_stm32f407xx.o(.text)
    NMI_Handler                              0x08000237   Thumb Code     2  startup_stm32f407xx.o(.text)
    HardFault_Handler                        0x08000239   Thumb Code     2  startup_stm32f407xx.o(.text)
    MemManage_Handler                        0x0800023b   Thumb Code     2  startup_stm32f407xx.o(.text)
    BusFault_Handler                         0x0800023d   Thumb Code     2  startup_stm32f407xx.o(.text)
    UsageFault_Handler                       0x0800023f   Thumb Code     2  startup_stm32f407xx.o(.text)
    SVC_Handler                              0x08000241   Thumb Code     2  startup_stm32f407xx.o(.text)
    DebugMon_Handler                         0x08000243   Thumb Code     2  startup_stm32f407xx.o(.text)
    PendSV_Handler                           0x08000245   Thumb Code     2  startup_stm32f407xx.o(.text)
    ADC_IRQHandler                           0x08000249   Thumb Code     0  startup_stm32f407xx.o(.text)
    CAN1_RX0_IRQHandler                      0x08000249   Thumb Code     0  startup_stm32f407xx.o(.text)
    CAN1_RX1_IRQHandler                      0x08000249   Thumb Code     0  startup_stm32f407xx.o(.text)
    CAN1_SCE_IRQHandler                      0x08000249   Thumb Code     0  startup_stm32f407xx.o(.text)
    CAN1_TX_IRQHandler                       0x08000249   Thumb Code     0  startup_stm32f407xx.o(.text)
    CAN2_RX0_IRQHandler                      0x08000249   Thumb Code     0  startup_stm32f407xx.o(.text)
    CAN2_RX1_IRQHandler                      0x08000249   Thumb Code     0  startup_stm32f407xx.o(.text)
    CAN2_SCE_IRQHandler                      0x08000249   Thumb Code     0  startup_stm32f407xx.o(.text)
    CAN2_TX_IRQHandler                       0x08000249   Thumb Code     0  startup_stm32f407xx.o(.text)
    DCMI_IRQHandler                          0x08000249   Thumb Code     0  startup_stm32f407xx.o(.text)
    DMA1_Stream0_IRQHandler                  0x08000249   Thumb Code     0  startup_stm32f407xx.o(.text)
    DMA1_Stream1_IRQHandler                  0x08000249   Thumb Code     0  startup_stm32f407xx.o(.text)
    DMA1_Stream2_IRQHandler                  0x08000249   Thumb Code     0  startup_stm32f407xx.o(.text)
    DMA1_Stream3_IRQHandler                  0x08000249   Thumb Code     0  startup_stm32f407xx.o(.text)
    DMA1_Stream4_IRQHandler                  0x08000249   Thumb Code     0  startup_stm32f407xx.o(.text)
    DMA1_Stream5_IRQHandler                  0x08000249   Thumb Code     0  startup_stm32f407xx.o(.text)
    DMA1_Stream6_IRQHandler                  0x08000249   Thumb Code     0  startup_stm32f407xx.o(.text)
    DMA1_Stream7_IRQHandler                  0x08000249   Thumb Code     0  startup_stm32f407xx.o(.text)
    DMA2_Stream0_IRQHandler                  0x08000249   Thumb Code     0  startup_stm32f407xx.o(.text)
    DMA2_Stream1_IRQHandler                  0x08000249   Thumb Code     0  startup_stm32f407xx.o(.text)
    DMA2_Stream2_IRQHandler                  0x08000249   Thumb Code     0  startup_stm32f407xx.o(.text)
    DMA2_Stream3_IRQHandler                  0x08000249   Thumb Code     0  startup_stm32f407xx.o(.text)
    DMA2_Stream4_IRQHandler                  0x08000249   Thumb Code     0  startup_stm32f407xx.o(.text)
    DMA2_Stream5_IRQHandler                  0x08000249   Thumb Code     0  startup_stm32f407xx.o(.text)
    DMA2_Stream6_IRQHandler                  0x08000249   Thumb Code     0  startup_stm32f407xx.o(.text)
    DMA2_Stream7_IRQHandler                  0x08000249   Thumb Code     0  startup_stm32f407xx.o(.text)
    ETH_IRQHandler                           0x08000249   Thumb Code     0  startup_stm32f407xx.o(.text)
    ETH_WKUP_IRQHandler                      0x08000249   Thumb Code     0  startup_stm32f407xx.o(.text)
    EXTI0_IRQHandler                         0x08000249   Thumb Code     0  startup_stm32f407xx.o(.text)
    EXTI15_10_IRQHandler                     0x08000249   Thumb Code     0  startup_stm32f407xx.o(.text)
    EXTI1_IRQHandler                         0x08000249   Thumb Code     0  startup_stm32f407xx.o(.text)
    EXTI2_IRQHandler                         0x08000249   Thumb Code     0  startup_stm32f407xx.o(.text)
    EXTI3_IRQHandler                         0x08000249   Thumb Code     0  startup_stm32f407xx.o(.text)
    EXTI4_IRQHandler                         0x08000249   Thumb Code     0  startup_stm32f407xx.o(.text)
    EXTI9_5_IRQHandler                       0x08000249   Thumb Code     0  startup_stm32f407xx.o(.text)
    FLASH_IRQHandler                         0x08000249   Thumb Code     0  startup_stm32f407xx.o(.text)
    FMC_IRQHandler                           0x08000249   Thumb Code     0  startup_stm32f407xx.o(.text)
    FPU_IRQHandler                           0x08000249   Thumb Code     0  startup_stm32f407xx.o(.text)
    HASH_RNG_IRQHandler                      0x08000249   Thumb Code     0  startup_stm32f407xx.o(.text)
    I2C1_ER_IRQHandler                       0x08000249   Thumb Code     0  startup_stm32f407xx.o(.text)
    I2C1_EV_IRQHandler                       0x08000249   Thumb Code     0  startup_stm32f407xx.o(.text)
    I2C2_ER_IRQHandler                       0x08000249   Thumb Code     0  startup_stm32f407xx.o(.text)
    I2C2_EV_IRQHandler                       0x08000249   Thumb Code     0  startup_stm32f407xx.o(.text)
    I2C3_ER_IRQHandler                       0x08000249   Thumb Code     0  startup_stm32f407xx.o(.text)
    I2C3_EV_IRQHandler                       0x08000249   Thumb Code     0  startup_stm32f407xx.o(.text)
    OTG_FS_IRQHandler                        0x08000249   Thumb Code     0  startup_stm32f407xx.o(.text)
    OTG_FS_WKUP_IRQHandler                   0x08000249   Thumb Code     0  startup_stm32f407xx.o(.text)
    OTG_HS_EP1_IN_IRQHandler                 0x08000249   Thumb Code     0  startup_stm32f407xx.o(.text)
    OTG_HS_EP1_OUT_IRQHandler                0x08000249   Thumb Code     0  startup_stm32f407xx.o(.text)
    OTG_HS_IRQHandler                        0x08000249   Thumb Code     0  startup_stm32f407xx.o(.text)
    OTG_HS_WKUP_IRQHandler                   0x08000249   Thumb Code     0  startup_stm32f407xx.o(.text)
    PVD_IRQHandler                           0x08000249   Thumb Code     0  startup_stm32f407xx.o(.text)
    RCC_IRQHandler                           0x08000249   Thumb Code     0  startup_stm32f407xx.o(.text)
    RTC_Alarm_IRQHandler                     0x08000249   Thumb Code     0  startup_stm32f407xx.o(.text)
    RTC_WKUP_IRQHandler                      0x08000249   Thumb Code     0  startup_stm32f407xx.o(.text)
    SDIO_IRQHandler                          0x08000249   Thumb Code     0  startup_stm32f407xx.o(.text)
    SPI1_IRQHandler                          0x08000249   Thumb Code     0  startup_stm32f407xx.o(.text)
    SPI2_IRQHandler                          0x08000249   Thumb Code     0  startup_stm32f407xx.o(.text)
    SPI3_IRQHandler                          0x08000249   Thumb Code     0  startup_stm32f407xx.o(.text)
    TAMP_STAMP_IRQHandler                    0x08000249   Thumb Code     0  startup_stm32f407xx.o(.text)
    TIM1_BRK_TIM9_IRQHandler                 0x08000249   Thumb Code     0  startup_stm32f407xx.o(.text)
    TIM1_CC_IRQHandler                       0x08000249   Thumb Code     0  startup_stm32f407xx.o(.text)
    TIM1_TRG_COM_TIM11_IRQHandler            0x08000249   Thumb Code     0  startup_stm32f407xx.o(.text)
    TIM1_UP_TIM10_IRQHandler                 0x08000249   Thumb Code     0  startup_stm32f407xx.o(.text)
    TIM4_IRQHandler                          0x08000249   Thumb Code     0  startup_stm32f407xx.o(.text)
    TIM5_IRQHandler                          0x08000249   Thumb Code     0  startup_stm32f407xx.o(.text)
    TIM6_DAC_IRQHandler                      0x08000249   Thumb Code     0  startup_stm32f407xx.o(.text)
    TIM7_IRQHandler                          0x08000249   Thumb Code     0  startup_stm32f407xx.o(.text)
    TIM8_BRK_TIM12_IRQHandler                0x08000249   Thumb Code     0  startup_stm32f407xx.o(.text)
    TIM8_CC_IRQHandler                       0x08000249   Thumb Code     0  startup_stm32f407xx.o(.text)
    TIM8_UP_TIM13_IRQHandler                 0x08000249   Thumb Code     0  startup_stm32f407xx.o(.text)
    WWDG_IRQHandler                          0x08000249   Thumb Code     0  startup_stm32f407xx.o(.text)
    __user_initial_stackheap                 0x0800024d   Thumb Code     0  startup_stm32f407xx.o(.text)
    __use_two_region_memory                  0x08000271   Thumb Code     2  heapauxi.o(.text)
    __rt_heap_escrow$2region                 0x08000273   Thumb Code     2  heapauxi.o(.text)
    __rt_heap_expand$2region                 0x08000275   Thumb Code     2  heapauxi.o(.text)
    __user_setup_stackheap                   0x08000277   Thumb Code    74  sys_stackheap_outer.o(.text)
    exit                                     0x080002c1   Thumb Code    18  exit.o(.text)
    __user_libspace                          0x080002d5   Thumb Code     8  libspace.o(.text)
    __user_perproc_libspace                  0x080002d5   Thumb Code     0  libspace.o(.text)
    __user_perthread_libspace                0x080002d5   Thumb Code     0  libspace.o(.text)
    _sys_exit                                0x080002dd   Thumb Code     8  sys_exit.o(.text)
    __I$use$semihosting                      0x080002e9   Thumb Code     0  use_no_semi.o(.text)
    __use_no_semihosting_swi                 0x080002e9   Thumb Code     2  use_no_semi.o(.text)
    __semihosting_library_function           0x080002eb   Thumb Code     0  indicate_semi.o(.text)
    DPZ_LED_Init                             0x080002ed   Thumb Code   148  gpio.o(i.DPZ_LED_Init)
    DPZ_NVIC_Init                            0x08000389   Thumb Code    40  sys.o(i.DPZ_NVIC_Init)
    DPZ_SetNVIC                              0x080003bd   Thumb Code   120  sys.o(i.DPZ_SetNVIC)
    DPZ_SysPLL                               0x08000441   Thumb Code  1438  clk.o(i.DPZ_SysPLL)
    DPZ_SysTick_MS                           0x08000a35   Thumb Code    86  systick.o(i.DPZ_SysTick_MS)
    DPZ_SysTick_Sleep                        0x08000a95   Thumb Code    34  systick.o(i.DPZ_SysTick_Sleep)
    DPZ_Timer13_CCR                          0x08000ab9   Thumb Code     6  timer13.o(i.DPZ_Timer13_CCR)
    DPZ_Timer13_PWM                          0x08000ac5   Thumb Code   216  timer13.o(i.DPZ_Timer13_PWM)
    DPZ_UART4_Init                           0x08000bb1   Thumb Code   536  uart4.o(i.DPZ_UART4_Init)
    DPZ_UART5_Init                           0x08000ddd   Thumb Code   362  uart5.o(i.DPZ_UART5_Init)
    DPZ_USART1_Init                          0x08000f5d   Thumb Code   538  usart1.o(i.DPZ_USART1_Init)
    DPZ_USART2_Init                          0x0800118d   Thumb Code   544  usart2.o(i.DPZ_USART2_Init)
    DPZ_USART3_Init                          0x080013c1   Thumb Code   762  usart3.o(i.DPZ_USART3_Init)
    DPZ_USART6_Init                          0x080016d5   Thumb Code   578  usart6.o(i.DPZ_USART6_Init)
    DPZ_USART_Init                           0x0800192d   Thumb Code    88  usart.o(i.DPZ_USART_Init)
    DPZ_USART_Send                           0x08001985   Thumb Code   124  usart.o(i.DPZ_USART_Send)
    SysTick_Handler                          0x08001a01   Thumb Code     8  systick.o(i.SysTick_Handler)
    TIM2_IRQHandler                          0x08001a0d   Thumb Code    36  timer2.o(i.TIM2_IRQHandler)
    TIM3_IRQHandler                          0x08001a35   Thumb Code    30  timer3.o(i.TIM3_IRQHandler)
    TIM8_TRG_COM_TIM14_IRQHandler            0x08001a5d   Thumb Code    30  timer14.o(i.TIM8_TRG_COM_TIM14_IRQHandler)
    UART4_IRQHandler                         0x08001a85   Thumb Code    18  uart4.o(i.UART4_IRQHandler)
    UART5_IRQHandler                         0x08001a9d   Thumb Code    16  uart5.o(i.UART5_IRQHandler)
    USART1_IRQHandler                        0x08001ab1   Thumb Code    16  usart1.o(i.USART1_IRQHandler)
    USART2_IRQHandler                        0x08001ac5   Thumb Code    18  usart2.o(i.USART2_IRQHandler)
    USART3_IRQHandler                        0x08001add   Thumb Code    18  usart3.o(i.USART3_IRQHandler)
    USART6_IRQHandler                        0x08001af5   Thumb Code    18  usart6.o(i.USART6_IRQHandler)
    main                                     0x08001b0d   Thumb Code   172  main.o(i.main)
    _fp_init                                 0x08001be9   Thumb Code    10  fpinit.o(x$fpl$fpinit)
    __fplib_config_fpu_vfp                   0x08001bf1   Thumb Code     0  fpinit.o(x$fpl$fpinit)
    __fplib_config_pureend_doubles           0x08001bf1   Thumb Code     0  fpinit.o(x$fpl$fpinit)
    Region$$Table$$Base                      0x08001c7c   Number         0  anon$$obj.o(Region$$Table)
    Region$$Table$$Limit                     0x08001c9c   Number         0  anon$$obj.o(Region$$Table)
    _hex_char_TBL                            0x20000010   Data           4  utility.o(.data)
    _hex_char_tbl                            0x20000014   Data           4  utility.o(.data)
    g_osc                                    0x20000018   Data           4  utility.o(.data)
    g_sysclk                                 0x2000001c   Data           4  utility.o(.data)
    g_hclk                                   0x20000020   Data           4  utility.o(.data)
    g_pclk1                                  0x20000024   Data           4  utility.o(.data)
    g_pclk2                                  0x20000028   Data           4  utility.o(.data)
    g_pclk1_pscr                             0x2000002c   Data           1  utility.o(.data)
    g_pclk2_pscr                             0x2000002d   Data           1  utility.o(.data)
    __libspace_start                         0x20000030   Data          96  libspace.o(.bss)
    __temporary_stack_top$libspace           0x20000090   Data           0  libspace.o(.bss)



==============================================================================

Memory Map of the image

  Image Entry point : 0x08000189

  Load Region LR_IROM1 (Base: 0x08000000, Size: 0x00001ccc, Max: 0x00080000, ABSOLUTE)

    Execution Region ER_IROM1 (Exec base: 0x08000000, Load base: 0x08000000, Size: 0x00001c9c, Max: 0x00080000, ABSOLUTE)

    Exec Addr    Load Addr    Size         Type   Attr      Idx    E Section Name        Object

    0x08000000   0x08000000   0x00000188   Data   RO          734    RESET               startup_stm32f407xx.o
    0x08000188   0x08000188   0x00000008   Code   RO          743  * !!!main             c_w.l(__main.o)
    0x08000190   0x08000190   0x00000034   Code   RO          900    !!!scatter          c_w.l(__scatter.o)
    0x080001c4   0x080001c4   0x0000001a   Code   RO          902    !!handler_copy      c_w.l(__scatter_copy.o)
    0x080001de   0x080001de   0x00000002   PAD
    0x080001e0   0x080001e0   0x0000001c   Code   RO          904    !!handler_zi        c_w.l(__scatter_zi.o)
    0x080001fc   0x080001fc   0x00000002   Code   RO          770    .ARM.Collect$$libinit$$00000000  c_w.l(libinit.o)
    0x080001fe   0x080001fe   0x00000004   Code   RO          776    .ARM.Collect$$libinit$$00000001  c_w.l(libinit2.o)
    0x08000202   0x08000202   0x00000000   Code   RO          779    .ARM.Collect$$libinit$$00000004  c_w.l(libinit2.o)
    0x08000202   0x08000202   0x00000000   Code   RO          782    .ARM.Collect$$libinit$$0000000A  c_w.l(libinit2.o)
    0x08000202   0x08000202   0x00000000   Code   RO          784    .ARM.Collect$$libinit$$0000000C  c_w.l(libinit2.o)
    0x08000202   0x08000202   0x00000000   Code   RO          786    .ARM.Collect$$libinit$$0000000E  c_w.l(libinit2.o)
    0x08000202   0x08000202   0x00000000   Code   RO          789    .ARM.Collect$$libinit$$00000011  c_w.l(libinit2.o)
    0x08000202   0x08000202   0x00000000   Code   RO          791    .ARM.Collect$$libinit$$00000013  c_w.l(libinit2.o)
    0x08000202   0x08000202   0x00000000   Code   RO          793    .ARM.Collect$$libinit$$00000015  c_w.l(libinit2.o)
    0x08000202   0x08000202   0x00000000   Code   RO          795    .ARM.Collect$$libinit$$00000017  c_w.l(libinit2.o)
    0x08000202   0x08000202   0x00000000   Code   RO          797    .ARM.Collect$$libinit$$00000019  c_w.l(libinit2.o)
    0x08000202   0x08000202   0x00000000   Code   RO          799    .ARM.Collect$$libinit$$0000001B  c_w.l(libinit2.o)
    0x08000202   0x08000202   0x00000000   Code   RO          801    .ARM.Collect$$libinit$$0000001D  c_w.l(libinit2.o)
    0x08000202   0x08000202   0x00000000   Code   RO          803    .ARM.Collect$$libinit$$0000001F  c_w.l(libinit2.o)
    0x08000202   0x08000202   0x00000000   Code   RO          805    .ARM.Collect$$libinit$$00000021  c_w.l(libinit2.o)
    0x08000202   0x08000202   0x00000000   Code   RO          807    .ARM.Collect$$libinit$$00000023  c_w.l(libinit2.o)
    0x08000202   0x08000202   0x00000000   Code   RO          809    .ARM.Collect$$libinit$$00000025  c_w.l(libinit2.o)
    0x08000202   0x08000202   0x00000000   Code   RO          813    .ARM.Collect$$libinit$$0000002C  c_w.l(libinit2.o)
    0x08000202   0x08000202   0x00000000   Code   RO          815    .ARM.Collect$$libinit$$0000002E  c_w.l(libinit2.o)
    0x08000202   0x08000202   0x00000000   Code   RO          817    .ARM.Collect$$libinit$$00000030  c_w.l(libinit2.o)
    0x08000202   0x08000202   0x00000000   Code   RO          819    .ARM.Collect$$libinit$$00000032  c_w.l(libinit2.o)
    0x08000202   0x08000202   0x00000002   Code   RO          820    .ARM.Collect$$libinit$$00000033  c_w.l(libinit2.o)
    0x08000204   0x08000204   0x00000002   Code   RO          840    .ARM.Collect$$libshutdown$$00000000  c_w.l(libshutdown.o)
    0x08000206   0x08000206   0x00000000   Code   RO          853    .ARM.Collect$$libshutdown$$00000002  c_w.l(libshutdown2.o)
    0x08000206   0x08000206   0x00000000   Code   RO          855    .ARM.Collect$$libshutdown$$00000004  c_w.l(libshutdown2.o)
    0x08000206   0x08000206   0x00000000   Code   RO          858    .ARM.Collect$$libshutdown$$00000007  c_w.l(libshutdown2.o)
    0x08000206   0x08000206   0x00000000   Code   RO          861    .ARM.Collect$$libshutdown$$0000000A  c_w.l(libshutdown2.o)
    0x08000206   0x08000206   0x00000000   Code   RO          863    .ARM.Collect$$libshutdown$$0000000C  c_w.l(libshutdown2.o)
    0x08000206   0x08000206   0x00000000   Code   RO          866    .ARM.Collect$$libshutdown$$0000000F  c_w.l(libshutdown2.o)
    0x08000206   0x08000206   0x00000002   Code   RO          867    .ARM.Collect$$libshutdown$$00000010  c_w.l(libshutdown2.o)
    0x08000208   0x08000208   0x00000000   Code   RO          745    .ARM.Collect$$rtentry$$00000000  c_w.l(__rtentry.o)
    0x08000208   0x08000208   0x00000000   Code   RO          747    .ARM.Collect$$rtentry$$00000002  c_w.l(__rtentry2.o)
    0x08000208   0x08000208   0x00000006   Code   RO          759    .ARM.Collect$$rtentry$$00000004  c_w.l(__rtentry4.o)
    0x0800020e   0x0800020e   0x00000000   Code   RO          749    .ARM.Collect$$rtentry$$00000009  c_w.l(__rtentry2.o)
    0x0800020e   0x0800020e   0x00000004   Code   RO          750    .ARM.Collect$$rtentry$$0000000A  c_w.l(__rtentry2.o)
    0x08000212   0x08000212   0x00000000   Code   RO          752    .ARM.Collect$$rtentry$$0000000C  c_w.l(__rtentry2.o)
    0x08000212   0x08000212   0x00000008   Code   RO          753    .ARM.Collect$$rtentry$$0000000D  c_w.l(__rtentry2.o)
    0x0800021a   0x0800021a   0x00000002   Code   RO          774    .ARM.Collect$$rtexit$$00000000  c_w.l(rtexit.o)
    0x0800021c   0x0800021c   0x00000000   Code   RO          822    .ARM.Collect$$rtexit$$00000002  c_w.l(rtexit2.o)
    0x0800021c   0x0800021c   0x00000004   Code   RO          823    .ARM.Collect$$rtexit$$00000003  c_w.l(rtexit2.o)
    0x08000220   0x08000220   0x00000006   Code   RO          824    .ARM.Collect$$rtexit$$00000004  c_w.l(rtexit2.o)
    0x08000226   0x08000226   0x00000002   PAD
    0x08000228   0x08000228   0x00000048   Code   RO          735    .text               startup_stm32f407xx.o
    0x08000270   0x08000270   0x00000006   Code   RO          741    .text               c_w.l(heapauxi.o)
    0x08000276   0x08000276   0x0000004a   Code   RO          761    .text               c_w.l(sys_stackheap_outer.o)
    0x080002c0   0x080002c0   0x00000012   Code   RO          763    .text               c_w.l(exit.o)
    0x080002d2   0x080002d2   0x00000002   PAD
    0x080002d4   0x080002d4   0x00000008   Code   RO          771    .text               c_w.l(libspace.o)
    0x080002dc   0x080002dc   0x0000000c   Code   RO          832    .text               c_w.l(sys_exit.o)
    0x080002e8   0x080002e8   0x00000002   Code   RO          843    .text               c_w.l(use_no_semi.o)
    0x080002ea   0x080002ea   0x00000000   Code   RO          845    .text               c_w.l(indicate_semi.o)
    0x080002ea   0x080002ea   0x00000002   PAD
    0x080002ec   0x080002ec   0x0000009c   Code   RO           75    i.DPZ_LED_Init      gpio.o
    0x08000388   0x08000388   0x00000034   Code   RO          154    i.DPZ_NVIC_Init     sys.o
    0x080003bc   0x080003bc   0x00000084   Code   RO          156    i.DPZ_SetNVIC       sys.o
    0x08000440   0x08000440   0x000005f4   Code   RO            6    i.DPZ_SysPLL        clk.o
    0x08000a34   0x08000a34   0x00000060   Code   RO          203    i.DPZ_SysTick_MS    systick.o
    0x08000a94   0x08000a94   0x00000022   Code   RO          204    i.DPZ_SysTick_Sleep  systick.o
    0x08000ab6   0x08000ab6   0x00000002   PAD
    0x08000ab8   0x08000ab8   0x0000000c   Code   RO          378    i.DPZ_Timer13_CCR   timer13.o
    0x08000ac4   0x08000ac4   0x000000ec   Code   RO          379    i.DPZ_Timer13_PWM   timer13.o
    0x08000bb0   0x08000bb0   0x0000022c   Code   RO          457    i.DPZ_UART4_Init    uart4.o
    0x08000ddc   0x08000ddc   0x00000180   Code   RO          490    i.DPZ_UART5_Init    uart5.o
    0x08000f5c   0x08000f5c   0x00000230   Code   RO          583    i.DPZ_USART1_Init   usart1.o
    0x0800118c   0x0800118c   0x00000234   Code   RO          613    i.DPZ_USART2_Init   usart2.o
    0x080013c0   0x080013c0   0x00000314   Code   RO          643    i.DPZ_USART3_Init   usart3.o
    0x080016d4   0x080016d4   0x00000258   Code   RO          673    i.DPZ_USART6_Init   usart6.o
    0x0800192c   0x0800192c   0x00000058   Code   RO          526    i.DPZ_USART_Init    usart.o
    0x08001984   0x08001984   0x0000007c   Code   RO          527    i.DPZ_USART_Send    usart.o
    0x08001a00   0x08001a00   0x0000000c   Code   RO          206    i.SysTick_Handler   systick.o
    0x08001a0c   0x08001a0c   0x00000028   Code   RO          281    i.TIM2_IRQHandler   timer2.o
    0x08001a34   0x08001a34   0x00000028   Code   RO          313    i.TIM3_IRQHandler   timer3.o
    0x08001a5c   0x08001a5c   0x00000028   Code   RO          418    i.TIM8_TRG_COM_TIM14_IRQHandler  timer14.o
    0x08001a84   0x08001a84   0x00000018   Code   RO          458    i.UART4_IRQHandler  uart4.o
    0x08001a9c   0x08001a9c   0x00000014   Code   RO          491    i.UART5_IRQHandler  uart5.o
    0x08001ab0   0x08001ab0   0x00000014   Code   RO          584    i.USART1_IRQHandler  usart1.o
    0x08001ac4   0x08001ac4   0x00000018   Code   RO          614    i.USART2_IRQHandler  usart2.o
    0x08001adc   0x08001adc   0x00000018   Code   RO          644    i.USART3_IRQHandler  usart3.o
    0x08001af4   0x08001af4   0x00000018   Code   RO          674    i.USART6_IRQHandler  usart6.o
    0x08001b0c   0x08001b0c   0x000000dc   Code   RO          111    i.main              main.o
    0x08001be8   0x08001be8   0x0000000a   Code   RO          830    x$fpl$fpinit        fz_wm.l(fpinit.o)
    0x08001bf2   0x08001bf2   0x00000002   PAD
    0x08001bf4   0x08001bf4   0x00000060   Data   RO            7    .constdata          clk.o
    0x08001c54   0x08001c54   0x00000025   Data   RO          704    .conststring        utility.o
    0x08001c79   0x08001c79   0x00000003   PAD
    0x08001c7c   0x08001c7c   0x00000020   Data   RO          898    Region$$Table       anon$$obj.o


    Execution Region RW_IRAM1 (Exec base: 0x20000000, Load base: 0x08001c9c, Size: 0x00000690, Max: 0x00020000, ABSOLUTE)

    Exec Addr    Load Addr    Size         Type   Attr      Idx    E Section Name        Object

    0x20000000   0x08001c9c   0x00000001   Data   RW          158    .data               sys.o
    0x20000001   0x08001c9d   0x00000001   Data   RW          207    .data               systick.o
    0x20000002   0x08001c9e   0x00000002   PAD
    0x20000004   0x08001ca0   0x00000004   Data   RW          282    .data               timer2.o
    0x20000008   0x08001ca4   0x00000004   Data   RW          314    .data               timer3.o
    0x2000000c   0x08001ca8   0x00000004   Data   RW          419    .data               timer14.o
    0x20000010   0x08001cac   0x0000001e   Data   RW          705    .data               utility.o
    0x2000002e   0x08001cca   0x00000002   PAD
    0x20000030        -       0x00000060   Zero   RW          772    .bss                c_w.l(libspace.o)
    0x20000090        -       0x00000200   Zero   RW          733    HEAP                startup_stm32f407xx.o
    0x20000290        -       0x00000400   Zero   RW          732    STACK               startup_stm32f407xx.o


==============================================================================

Image component sizes


      Code (inc. data)   RO Data    RW Data    ZI Data      Debug   Object Name

      1524         86         96          0          0     557601   clk.o
       156          8          0          0          0        455   gpio.o
       220         48          0          0          0        539   main.o
        72         28        392          0       1536        808   startup_stm32f407xx.o
       184         24          0          1          0       1266   sys.o
       142         14          0          1          0       1659   systick.o
       248         26          0          0          0       1000   timer13.o
        40         10          0          4          0        608   timer14.o
        40          4          0          4          0        574   timer2.o
        40         10          0          4          0        574   timer3.o
       580         26          0          0          0       1224   uart4.o
       404         26          0          0          0       1112   uart5.o
       212          8          0          0          0       1778   usart.o
       580         26          0          0          0       1226   usart1.o
       588         26          0          0          0       1226   usart2.o
       812         32          0          0          0       1286   usart3.o
       624         28          0          0          0       1226   usart6.o
         0          0         37         30          0        834   utility.o

    ----------------------------------------------------------------------
      6468        430        560         48       1536     574996   Object Totals
         0          0         32          0          0          0   (incl. Generated)
         2          0          3          4          0          0   (incl. Padding)

    ----------------------------------------------------------------------

      Code (inc. data)   RO Data    RW Data    ZI Data      Debug   Library Member Name

         8          0          0          0          0         68   __main.o
         0          0          0          0          0          0   __rtentry.o
        12          0          0          0          0          0   __rtentry2.o
         6          0          0          0          0          0   __rtentry4.o
        52          8          0          0          0          0   __scatter.o
        26          0          0          0          0          0   __scatter_copy.o
        28          0          0          0          0          0   __scatter_zi.o
        18          0          0          0          0         80   exit.o
         6          0          0          0          0        152   heapauxi.o
         0          0          0          0          0          0   indicate_semi.o
         2          0          0          0          0          0   libinit.o
         6          0          0          0          0          0   libinit2.o
         2          0          0          0          0          0   libshutdown.o
         2          0          0          0          0          0   libshutdown2.o
         8          4          0          0         96         68   libspace.o
         2          0          0          0          0          0   rtexit.o
        10          0          0          0          0          0   rtexit2.o
        12          4          0          0          0         68   sys_exit.o
        74          0          0          0          0         80   sys_stackheap_outer.o
         2          0          0          0          0         68   use_no_semi.o
        10          0          0          0          0        116   fpinit.o

    ----------------------------------------------------------------------
       296         16          0          0         96        700   Library Totals
        10          0          0          0          0          0   (incl. Padding)

    ----------------------------------------------------------------------

      Code (inc. data)   RO Data    RW Data    ZI Data      Debug   Library Name

       276         16          0          0         96        584   c_w.l
        10          0          0          0          0        116   fz_wm.l

    ----------------------------------------------------------------------
       296         16          0          0         96        700   Library Totals

    ----------------------------------------------------------------------

==============================================================================


      Code (inc. data)   RO Data    RW Data    ZI Data      Debug   

      6764        446        560         48       1632     573340   Grand Totals
      6764        446        560         48       1632     573340   ELF Image Totals
      6764        446        560         48          0          0   ROM Totals

==============================================================================

    Total RO  Size (Code + RO Data)                 7324 (   7.15kB)
    Total RW  Size (RW Data + ZI Data)              1680 (   1.64kB)
    Total ROM Size (Code + RO Data + RW Data)       7372 (   7.20kB)

==============================================================================

